.venv/Scripts/python.exe ./manage.py runserver
Watching for file changes with StatReloader
C:\Users\ChaseMossing\PycharmProjects\django-glue\django_glue\resolver\view\resolver.py changed, reloading.
Watching for file changes with StatReloader
C:\Users\ChaseMossing\PycharmProjects\django-glue\django_glue\shortcuts\glue.py changed, reloading.
Watching for file changes with StatReloader
C:\Users\ChaseMossing\PycharmProjects\django-glue\django_glue\proxies\queryset\proxy.py changed, reloading.
Watching for file changes with StatReloader
C:\Users\ChaseMossing\PycharmProjects\django-glue\django_glue\proxies\policy.py changed, reloading.
Watching for file changes with StatReloader
C:\Users\ChaseMossing\PycharmProjects\django-glue\test_project\gorilla\models.py changed, reloading.
Watching for file changes with StatReloader
C:\Users\ChaseMossing\PycharmProjects\django-glue\test_project\gorilla\models.py changed, reloading.
Watching for file changes with StatReloader
C:\Users\ChaseMossing\PycharmProjects\django-glue\test_project\gorilla\models.py changed, reloading.
Watching for file changes with StatReloader
C:\Users\ChaseMossing\PycharmProjects\django-glue\test_project\gorilla\models.py changed, reloading.
Watching for file changes with StatReloader
[13/Jul/2026 08:41:33] "GET / HTTP/1.1" 200 60430
[13/Jul/2026 08:41:33] "GET /static/django_glue/js/django_glue.js?v=1.0.0a4 HTTP/1.1" 200 34901
[13/Jul/2026 08:41:33] "POST /__dg__/bound_attribute_event/gorillas/GlueQuerySetProxy.query_with_params/ HTTP/1.1" 200 90617
[13/Jul/2026 08:41:34] "POST /__dg__/bound_attribute_event/gorillas__18/GlueModelInstanceProxy.foreign_key_choices/ HTTP/1.1" 200 1131
C:\Users\ChaseMossing\PycharmProjects\django-glue\django_glue\bound_attributes\attribute.py changed, reloading.
Watching for file changes with StatReloader
C:\Users\ChaseMossing\PycharmProjects\django-glue\django_glue\bound_attributes\attribute.py changed, reloading.
Watching for file changes with StatReloader
C:\Users\ChaseMossing\PycharmProjects\django-glue\test_project\gorilla\services.py changed, reloading.
Watching for file changes with StatReloader
C:\Users\ChaseMossing\PycharmProjects\django-glue\test_project\gorilla\models.py changed, reloading.
Watching for file changes with StatReloader
[13/Jul/2026 08:55:51] "GET / HTTP/1.1" 200 60385
[13/Jul/2026 08:55:51] "POST /__dg__/bound_attribute_event/gorillas/GlueQuerySetProxy.query_with_params/ HTTP/1.1" 200 90204
[13/Jul/2026 08:55:51] "POST /__dg__/bound_attribute_event/gorillas__18/GlueModelInstanceProxy.foreign_key_choices/ HTTP/1.1" 200 1131
C:\Users\ChaseMossing\PycharmProjects\django-glue\django_glue\bound_attributes\attribute.py changed, reloading.
Watching for file changes with StatReloader
C:\Users\ChaseMossing\PycharmProjects\django-glue\test_project\gorilla\services.py changed, reloading.
Watching for file changes with StatReloader
Exception in thread django-main-thread:
Traceback (most recent call last):
  File "C:\Users\ChaseMossing\AppData\Roaming\uv\python\cpython-3.12.0-windows-x86_64-none\Lib\threading.py", line 1052, in _bootstrap_inner
    self.run()
  File "C:\Users\ChaseMossing\AppData\Roaming\uv\python\cpython-3.12.0-windows-x86_64-none\Lib\threading.py", line 989, in run
    self._target(*self._args, **self._kwargs)
  File "C:\Users\ChaseMossing\PycharmProjects\django-glue\.venv\Lib\site-packages\django\utils\autoreload.py", line 64, in wrapper
    fn(*args, **kwargs)
  File "C:\Users\ChaseMossing\PycharmProjects\django-glue\.venv\Lib\site-packages\django\core\management\commands\runserver.py", line 124, in inner_run
    autoreload.raise_last_exception()
  File "C:\Users\ChaseMossing\PycharmProjects\django-glue\.venv\Lib\site-packages\django\utils\autoreload.py", line 86, in raise_last_exception
    raise _exception[1]
  File "C:\Users\ChaseMossing\PycharmProjects\django-glue\.venv\Lib\site-packages\django\core\management\__init__.py", line 395, in execute
    autoreload.check_errors(django.setup)()
  File "C:\Users\ChaseMossing\PycharmProjects\django-glue\.venv\Lib\site-packages\django\utils\autoreload.py", line 64, in wrapper
    fn(*args, **kwargs)
  File "C:\Users\ChaseMossing\PycharmProjects\django-glue\.venv\Lib\site-packages\django\__init__.py", line 24, in setup
    apps.populate(settings.INSTALLED_APPS)
  File "C:\Users\ChaseMossing\PycharmProjects\django-glue\.venv\Lib\site-packages\django\apps\registry.py", line 116, in populate
    app_config.import_models()
  File "C:\Users\ChaseMossing\PycharmProjects\django-glue\.venv\Lib\site-packages\django\apps\config.py", line 269, in import_models
    self.models_module = import_module(models_module_name)
                         ^^^^^^^^^^^^^^^^^^^^^^^^^^^^^^^^^
  File "C:\Users\ChaseMossing\AppData\Roaming\uv\python\cpython-3.12.0-windows-x86_64-none\Lib\importlib\__init__.py", line 90, in import_module
    return _bootstrap._gcd_import(name[level:], package, level)
           ^^^^^^^^^^^^^^^^^^^^^^^^^^^^^^^^^^^^^^^^^^^^^^^^^^^^
  File "<frozen importlib._bootstrap>", line 1381, in _gcd_import
  File "<frozen importlib._bootstrap>", line 1354, in _find_and_load
  File "<frozen importlib._bootstrap>", line 1325, in _find_and_load_unlocked
  File "<frozen importlib._bootstrap>", line 929, in _load_unlocked
  File "<frozen importlib._bootstrap_external>", line 994, in exec_module
  File "<frozen importlib._bootstrap>", line 488, in _call_with_frames_removed
  File "C:\Users\ChaseMossing\PycharmProjects\django-glue\test_project\gorilla\models.py", line 7, in <module>
    from test_project.gorilla.services import GorillaServiceDescriptor
  File "C:\Users\ChaseMossing\PycharmProjects\django-glue\test_project\gorilla\services.py", line 14
    self.increment_age()con
                        ^^^
SyntaxError: invalid syntax
C:\Users\ChaseMossing\PycharmProjects\django-glue\test_project\gorilla\services.py changed, reloading.
Watching for file changes with StatReloader
C:\Users\ChaseMossing\PycharmProjects\django-glue\django_glue\bound_attributes\decorators.py changed, reloading.
Watching for file changes with StatReloader
C:\Users\ChaseMossing\PycharmProjects\django-glue\django_glue\bound_attributes\decorators.py changed, reloading.
Watching for file changes with StatReloader
C:\Users\ChaseMossing\PycharmProjects\django-glue\django_glue\bound_attributes\decorators.py changed, reloading.
Watching for file changes with StatReloader
Exception in thread django-main-thread:
Traceback (most recent call last):
  File "C:\Users\ChaseMossing\AppData\Roaming\uv\python\cpython-3.12.0-windows-x86_64-none\Lib\threading.py", line 1052, in _bootstrap_inner
    self.run()
  File "C:\Users\ChaseMossing\AppData\Roaming\uv\python\cpython-3.12.0-windows-x86_64-none\Lib\threading.py", line 989, in run
    self._target(*self._args, **self._kwargs)
  File "C:\Users\ChaseMossing\PycharmProjects\django-glue\.venv\Lib\site-packages\django\utils\autoreload.py", line 64, in wrapper
    fn(*args, **kwargs)
  File "C:\Users\ChaseMossing\PycharmProjects\django-glue\.venv\Lib\site-packages\django\core\management\commands\runserver.py", line 124, in inner_run
    autoreload.raise_last_exception()
  File "C:\Users\ChaseMossing\PycharmProjects\django-glue\.venv\Lib\site-packages\django\utils\autoreload.py", line 86, in raise_last_exception
    raise _exception[1]
  File "C:\Users\ChaseMossing\PycharmProjects\django-glue\.venv\Lib\site-packages\django\core\management\__init__.py", line 395, in execute
    autoreload.check_errors(django.setup)()
  File "C:\Users\ChaseMossing\PycharmProjects\django-glue\.venv\Lib\site-packages\django\utils\autoreload.py", line 64, in wrapper
    fn(*args, **kwargs)
  File "C:\Users\ChaseMossing\PycharmProjects\django-glue\.venv\Lib\site-packages\django\__init__.py", line 24, in setup
    apps.populate(settings.INSTALLED_APPS)
  File "C:\Users\ChaseMossing\PycharmProjects\django-glue\.venv\Lib\site-packages\django\apps\registry.py", line 91, in populate
    app_config = AppConfig.create(entry)
                 ^^^^^^^^^^^^^^^^^^^^^^^
  File "C:\Users\ChaseMossing\PycharmProjects\django-glue\.venv\Lib\site-packages\django\apps\config.py", line 193, in create
    import_module(entry)
  File "C:\Users\ChaseMossing\AppData\Roaming\uv\python\cpython-3.12.0-windows-x86_64-none\Lib\importlib\__init__.py", line 90, in import_module
    return _bootstrap._gcd_import(name[level:], package, level)
           ^^^^^^^^^^^^^^^^^^^^^^^^^^^^^^^^^^^^^^^^^^^^^^^^^^^^
  File "<frozen importlib._bootstrap>", line 1381, in _gcd_import
  File "<frozen importlib._bootstrap>", line 1354, in _find_and_load
  File "<frozen importlib._bootstrap>", line 1325, in _find_and_load_unlocked
  File "<frozen importlib._bootstrap>", line 929, in _load_unlocked
  File "<frozen importlib._bootstrap_external>", line 994, in exec_module
  File "<frozen importlib._bootstrap>", line 488, in _call_with_frames_removed
  File "C:\Users\ChaseMossing\PycharmProjects\django-glue\django_glue\__init__.py", line 1, in <module>
    from django_glue.shortcuts.glue import Glue
  File "C:\Users\ChaseMossing\PycharmProjects\django-glue\django_glue\shortcuts\glue.py", line 8, in <module>
    from django_glue.bound_attributes.decorators import bind_attribute
ImportError: cannot import name 'bind_attribute' from 'django_glue.bound_attributes.decorators' (C:\Users\ChaseMossing\PycharmProjects\django-glue\django_glue\bound_attributes\decorators.py)
C:\Users\ChaseMossing\PycharmProjects\django-glue\django_glue\shortcuts\glue.py changed, reloading.
Watching for file changes with StatReloader
Exception in thread django-main-thread:
Traceback (most recent call last):
  File "C:\Users\ChaseMossing\AppData\Roaming\uv\python\cpython-3.12.0-windows-x86_64-none\Lib\threading.py", line 1052, in _bootstrap_inner
    self.run()
  File "C:\Users\ChaseMossing\AppData\Roaming\uv\python\cpython-3.12.0-windows-x86_64-none\Lib\threading.py", line 989, in run
    self._target(*self._args, **self._kwargs)
  File "C:\Users\ChaseMossing\PycharmProjects\django-glue\.venv\Lib\site-packages\django\utils\autoreload.py", line 64, in wrapper
    fn(*args, **kwargs)
  File "C:\Users\ChaseMossing\PycharmProjects\django-glue\.venv\Lib\site-packages\django\core\management\commands\runserver.py", line 124, in inner_run
    autoreload.raise_last_exception()
  File "C:\Users\ChaseMossing\PycharmProjects\django-glue\.venv\Lib\site-packages\django\utils\autoreload.py", line 86, in raise_last_exception
    raise _exception[1]
  File "C:\Users\ChaseMossing\PycharmProjects\django-glue\.venv\Lib\site-packages\django\core\management\__init__.py", line 395, in execute
    autoreload.check_errors(django.setup)()
  File "C:\Users\ChaseMossing\PycharmProjects\django-glue\.venv\Lib\site-packages\django\utils\autoreload.py", line 64, in wrapper
    fn(*args, **kwargs)
  File "C:\Users\ChaseMossing\PycharmProjects\django-glue\.venv\Lib\site-packages\django\__init__.py", line 24, in setup
    apps.populate(settings.INSTALLED_APPS)
  File "C:\Users\ChaseMossing\PycharmProjects\django-glue\.venv\Lib\site-packages\django\apps\registry.py", line 91, in populate
    app_config = AppConfig.create(entry)
                 ^^^^^^^^^^^^^^^^^^^^^^^
  File "C:\Users\ChaseMossing\PycharmProjects\django-glue\.venv\Lib\site-packages\django\apps\config.py", line 193, in create
    import_module(entry)
  File "C:\Users\ChaseMossing\AppData\Roaming\uv\python\cpython-3.12.0-windows-x86_64-none\Lib\importlib\__init__.py", line 90, in import_module
    return _bootstrap._gcd_import(name[level:], package, level)
           ^^^^^^^^^^^^^^^^^^^^^^^^^^^^^^^^^^^^^^^^^^^^^^^^^^^^
  File "<frozen importlib._bootstrap>", line 1381, in _gcd_import
  File "<frozen importlib._bootstrap>", line 1354, in _find_and_load
  File "<frozen importlib._bootstrap>", line 1325, in _find_and_load_unlocked
  File "<frozen importlib._bootstrap>", line 929, in _load_unlocked
  File "<frozen importlib._bootstrap_external>", line 994, in exec_module
  File "<frozen importlib._bootstrap>", line 488, in _call_with_frames_removed
  File "C:\Users\ChaseMossing\PycharmProjects\django-glue\django_glue\__init__.py", line 1, in <module>
    from django_glue.shortcuts.glue import Glue
  File "C:\Users\ChaseMossing\PycharmProjects\django-glue\django_glue\shortcuts\glue.py", line 8, in <module>
    from django_glue.bound_attributes.decorators import bind_attribute
ImportError: cannot import name 'bind_attribute' from 'django_glue.bound_attributes.decorators' (C:\Users\ChaseMossing\PycharmProjects\django-glue\django_glue\bound_attributes\decorators.py)
C:\Users\ChaseMossing\PycharmProjects\django-glue\django_glue\shortcuts\glue.py changed, reloading.
Watching for file changes with StatReloader
Exception in thread django-main-thread:
Traceback (most recent call last):
  File "C:\Users\ChaseMossing\AppData\Roaming\uv\python\cpython-3.12.0-windows-x86_64-none\Lib\threading.py", line 1052, in _bootstrap_inner
    self.run()
  File "C:\Users\ChaseMossing\AppData\Roaming\uv\python\cpython-3.12.0-windows-x86_64-none\Lib\threading.py", line 989, in run
    self._target(*self._args, **self._kwargs)
  File "C:\Users\ChaseMossing\PycharmProjects\django-glue\.venv\Lib\site-packages\django\utils\autoreload.py", line 64, in wrapper
    fn(*args, **kwargs)
  File "C:\Users\ChaseMossing\PycharmProjects\django-glue\.venv\Lib\site-packages\django\core\management\commands\runserver.py", line 134, in inner_run
    self.check(**check_kwargs)
  File "C:\Users\ChaseMossing\PycharmProjects\django-glue\.venv\Lib\site-packages\django\core\management\base.py", line 496, in check
    all_issues = checks.run_checks(
                 ^^^^^^^^^^^^^^^^^^
  File "C:\Users\ChaseMossing\PycharmProjects\django-glue\.venv\Lib\site-packages\django\core\checks\registry.py", line 89, in run_checks
    new_errors = check(app_configs=app_configs, databases=databases)
                 ^^^^^^^^^^^^^^^^^^^^^^^^^^^^^^^^^^^^^^^^^^^^^^^^^^^
  File "C:\Users\ChaseMossing\PycharmProjects\django-glue\.venv\Lib\site-packages\django\core\checks\urls.py", line 44, in check_url_namespaces_unique
    all_namespaces = _load_all_namespaces(resolver)
                     ^^^^^^^^^^^^^^^^^^^^^^^^^^^^^^
  File "C:\Users\ChaseMossing\PycharmProjects\django-glue\.venv\Lib\site-packages\django\core\checks\urls.py", line 63, in _load_all_namespaces
    url_patterns = getattr(resolver, "url_patterns", [])
                   ^^^^^^^^^^^^^^^^^^^^^^^^^^^^^^^^^^^^^
  File "C:\Users\ChaseMossing\PycharmProjects\django-glue\.venv\Lib\site-packages\django\utils\functional.py", line 47, in __get__
    res = instance.__dict__[self.name] = self.func(instance)
                                         ^^^^^^^^^^^^^^^^^^^
  File "C:\Users\ChaseMossing\PycharmProjects\django-glue\.venv\Lib\site-packages\django\urls\resolvers.py", line 729, in url_patterns
    patterns = getattr(self.urlconf_module, "urlpatterns", self.urlconf_module)
                       ^^^^^^^^^^^^^^^^^^^
  File "C:\Users\ChaseMossing\PycharmProjects\django-glue\.venv\Lib\site-packages\django\utils\functional.py", line 47, in __get__
    res = instance.__dict__[self.name] = self.func(instance)
                                         ^^^^^^^^^^^^^^^^^^^
  File "C:\Users\ChaseMossing\PycharmProjects\django-glue\.venv\Lib\site-packages\django\urls\resolvers.py", line 722, in urlconf_module
    return import_module(self.urlconf_name)
           ^^^^^^^^^^^^^^^^^^^^^^^^^^^^^^^^
  File "C:\Users\ChaseMossing\AppData\Roaming\uv\python\cpython-3.12.0-windows-x86_64-none\Lib\importlib\__init__.py", line 90, in import_module
    return _bootstrap._gcd_import(name[level:], package, level)
           ^^^^^^^^^^^^^^^^^^^^^^^^^^^^^^^^^^^^^^^^^^^^^^^^^^^^
  File "<frozen importlib._bootstrap>", line 1381, in _gcd_import
  File "<frozen importlib._bootstrap>", line 1354, in _find_and_load
  File "<frozen importlib._bootstrap>", line 1325, in _find_and_load_unlocked
  File "<frozen importlib._bootstrap>", line 929, in _load_unlocked
  File "<frozen importlib._bootstrap_external>", line 994, in exec_module
  File "<frozen importlib._bootstrap>", line 488, in _call_with_frames_removed
  File "C:\Users\ChaseMossing\PycharmProjects\django-glue\test_project\urls.py", line 9, in <module>
    path('', include('test_project.gorilla.urls')),
             ^^^^^^^^^^^^^^^^^^^^^^^^^^^^^^^^^^^^
  File "C:\Users\ChaseMossing\PycharmProjects\django-glue\.venv\Lib\site-packages\django\urls\conf.py", line 39, in include
    urlconf_module = import_module(urlconf_module)
                     ^^^^^^^^^^^^^^^^^^^^^^^^^^^^^
  File "C:\Users\ChaseMossing\AppData\Roaming\uv\python\cpython-3.12.0-windows-x86_64-none\Lib\importlib\__init__.py", line 90, in import_module
    return _bootstrap._gcd_import(name[level:], package, level)
           ^^^^^^^^^^^^^^^^^^^^^^^^^^^^^^^^^^^^^^^^^^^^^^^^^^^^
  File "<frozen importlib._bootstrap>", line 1381, in _gcd_import
  File "<frozen importlib._bootstrap>", line 1354, in _find_and_load
  File "<frozen importlib._bootstrap>", line 1325, in _find_and_load_unlocked
  File "<frozen importlib._bootstrap>", line 929, in _load_unlocked
  File "<frozen importlib._bootstrap_external>", line 994, in exec_module
  File "<frozen importlib._bootstrap>", line 488, in _call_with_frames_removed
  File "C:\Users\ChaseMossing\PycharmProjects\django-glue\test_project\gorilla\urls.py", line 3, in <module>
    from test_project.gorilla import views
  File "C:\Users\ChaseMossing\PycharmProjects\django-glue\test_project\gorilla\views.py", line 9, in <module>
    from test_project.gorilla.forms import GorillaGlueModelForm
  File "C:\Users\ChaseMossing\PycharmProjects\django-glue\test_project\gorilla\forms.py", line 4, in <module>
    from django_glue.form.form import GlueModelForm
  File "C:\Users\ChaseMossing\PycharmProjects\django-glue\django_glue\form\form.py", line 9, in <module>
    from django_glue.bound_attributes.decorators import bind_attribute
ImportError: cannot import name 'bind_attribute' from 'django_glue.bound_attributes.decorators' (C:\Users\ChaseMossing\PycharmProjects\django-glue\django_glue\bound_attributes\decorators.py)
C:\Users\ChaseMossing\PycharmProjects\django-glue\django_glue\form\form.py changed, reloading.
Watching for file changes with StatReloader
Exception in thread django-main-thread:
Traceback (most recent call last):
  File "C:\Users\ChaseMossing\AppData\Roaming\uv\python\cpython-3.12.0-windows-x86_64-none\Lib\threading.py", line 1052, in _bootstrap_inner
    self.run()
  File "C:\Users\ChaseMossing\AppData\Roaming\uv\python\cpython-3.12.0-windows-x86_64-none\Lib\threading.py", line 989, in run
    self._target(*self._args, **self._kwargs)
  File "C:\Users\ChaseMossing\PycharmProjects\django-glue\.venv\Lib\site-packages\django\utils\autoreload.py", line 64, in wrapper
    fn(*args, **kwargs)
  File "C:\Users\ChaseMossing\PycharmProjects\django-glue\.venv\Lib\site-packages\django\core\management\commands\runserver.py", line 134, in inner_run
    self.check(**check_kwargs)
  File "C:\Users\ChaseMossing\PycharmProjects\django-glue\.venv\Lib\site-packages\django\core\management\base.py", line 496, in check
    all_issues = checks.run_checks(
                 ^^^^^^^^^^^^^^^^^^
  File "C:\Users\ChaseMossing\PycharmProjects\django-glue\.venv\Lib\site-packages\django\core\checks\registry.py", line 89, in run_checks
    new_errors = check(app_configs=app_configs, databases=databases)
                 ^^^^^^^^^^^^^^^^^^^^^^^^^^^^^^^^^^^^^^^^^^^^^^^^^^^
  File "C:\Users\ChaseMossing\PycharmProjects\django-glue\.venv\Lib\site-packages\django\core\checks\urls.py", line 44, in check_url_namespaces_unique
    all_namespaces = _load_all_namespaces(resolver)
                     ^^^^^^^^^^^^^^^^^^^^^^^^^^^^^^
  File "C:\Users\ChaseMossing\PycharmProjects\django-glue\.venv\Lib\site-packages\django\core\checks\urls.py", line 63, in _load_all_namespaces
    url_patterns = getattr(resolver, "url_patterns", [])
                   ^^^^^^^^^^^^^^^^^^^^^^^^^^^^^^^^^^^^^
  File "C:\Users\ChaseMossing\PycharmProjects\django-glue\.venv\Lib\site-packages\django\utils\functional.py", line 47, in __get__
    res = instance.__dict__[self.name] = self.func(instance)
                                         ^^^^^^^^^^^^^^^^^^^
  File "C:\Users\ChaseMossing\PycharmProjects\django-glue\.venv\Lib\site-packages\django\urls\resolvers.py", line 729, in url_patterns
    patterns = getattr(self.urlconf_module, "urlpatterns", self.urlconf_module)
                       ^^^^^^^^^^^^^^^^^^^
  File "C:\Users\ChaseMossing\PycharmProjects\django-glue\.venv\Lib\site-packages\django\utils\functional.py", line 47, in __get__
    res = instance.__dict__[self.name] = self.func(instance)
                                         ^^^^^^^^^^^^^^^^^^^
  File "C:\Users\ChaseMossing\PycharmProjects\django-glue\.venv\Lib\site-packages\django\urls\resolvers.py", line 722, in urlconf_module
    return import_module(self.urlconf_name)
           ^^^^^^^^^^^^^^^^^^^^^^^^^^^^^^^^
  File "C:\Users\ChaseMossing\AppData\Roaming\uv\python\cpython-3.12.0-windows-x86_64-none\Lib\importlib\__init__.py", line 90, in import_module
    return _bootstrap._gcd_import(name[level:], package, level)
           ^^^^^^^^^^^^^^^^^^^^^^^^^^^^^^^^^^^^^^^^^^^^^^^^^^^^
  File "<frozen importlib._bootstrap>", line 1381, in _gcd_import
  File "<frozen importlib._bootstrap>", line 1354, in _find_and_load
  File "<frozen importlib._bootstrap>", line 1325, in _find_and_load_unlocked
  File "<frozen importlib._bootstrap>", line 929, in _load_unlocked
  File "<frozen importlib._bootstrap_external>", line 994, in exec_module
  File "<frozen importlib._bootstrap>", line 488, in _call_with_frames_removed
  File "C:\Users\ChaseMossing\PycharmProjects\django-glue\test_project\urls.py", line 12, in <module>
    path('lab/', include('test_project.lab.urls')),
                 ^^^^^^^^^^^^^^^^^^^^^^^^^^^^^^^^
  File "C:\Users\ChaseMossing\PycharmProjects\django-glue\.venv\Lib\site-packages\django\urls\conf.py", line 39, in include
    urlconf_module = import_module(urlconf_module)
                     ^^^^^^^^^^^^^^^^^^^^^^^^^^^^^
  File "C:\Users\ChaseMossing\AppData\Roaming\uv\python\cpython-3.12.0-windows-x86_64-none\Lib\importlib\__init__.py", line 90, in import_module
    return _bootstrap._gcd_import(name[level:], package, level)
           ^^^^^^^^^^^^^^^^^^^^^^^^^^^^^^^^^^^^^^^^^^^^^^^^^^^^
  File "<frozen importlib._bootstrap>", line 1381, in _gcd_import
  File "<frozen importlib._bootstrap>", line 1354, in _find_and_load
  File "<frozen importlib._bootstrap>", line 1325, in _find_and_load_unlocked
  File "<frozen importlib._bootstrap>", line 929, in _load_unlocked
  File "<frozen importlib._bootstrap_external>", line 994, in exec_module
  File "<frozen importlib._bootstrap>", line 488, in _call_with_frames_removed
  File "C:\Users\ChaseMossing\PycharmProjects\django-glue\test_project\lab\urls\__init__.py", line 6, in <module>
    path('performance/', include('test_project.lab.urls.performance_urls'), name='performance'),
                         ^^^^^^^^^^^^^^^^^^^^^^^^^^^^^^^^^^^^^^^^^^^^^^^^^
  File "C:\Users\ChaseMossing\PycharmProjects\django-glue\.venv\Lib\site-packages\django\urls\conf.py", line 39, in include
    urlconf_module = import_module(urlconf_module)
                     ^^^^^^^^^^^^^^^^^^^^^^^^^^^^^
  File "C:\Users\ChaseMossing\AppData\Roaming\uv\python\cpython-3.12.0-windows-x86_64-none\Lib\importlib\__init__.py", line 90, in import_module
    return _bootstrap._gcd_import(name[level:], package, level)
           ^^^^^^^^^^^^^^^^^^^^^^^^^^^^^^^^^^^^^^^^^^^^^^^^^^^^
  File "<frozen importlib._bootstrap>", line 1381, in _gcd_import
  File "<frozen importlib._bootstrap>", line 1354, in _find_and_load
  File "<frozen importlib._bootstrap>", line 1325, in _find_and_load_unlocked
  File "<frozen importlib._bootstrap>", line 929, in _load_unlocked
  File "<frozen importlib._bootstrap_external>", line 994, in exec_module
  File "<frozen importlib._bootstrap>", line 488, in _call_with_frames_removed
  File "C:\Users\ChaseMossing\PycharmProjects\django-glue\test_project\lab\urls\performance_urls.py", line 3, in <module>
    from test_project.lab.views import performance_views
  File "C:\Users\ChaseMossing\PycharmProjects\django-glue\test_project\lab\views\performance_views.py", line 10, in <module>
    from django_glue.proxies import GlueModelInstanceProxy, GlueQuerySetProxy, GlueFormProxy
  File "C:\Users\ChaseMossing\PycharmProjects\django-glue\django_glue\proxies\__init__.py", line 1, in <module>
    from django_glue.proxies.model.proxy import BaseGlueModelProxy
  File "C:\Users\ChaseMossing\PycharmProjects\django-glue\django_glue\proxies\model\proxy.py", line 13, in <module>
    from django_glue.bound_attributes.decorators import bind_attribute
ImportError: cannot import name 'bind_attribute' from 'django_glue.bound_attributes.decorators' (C:\Users\ChaseMossing\PycharmProjects\django-glue\django_glue\bound_attributes\decorators.py)
C:\Users\ChaseMossing\PycharmProjects\django-glue\django_glue\proxies\model\proxy.py changed, reloading.
Watching for file changes with StatReloader
C:\Users\ChaseMossing\PycharmProjects\django-glue\django_glue\bound_attributes\attribute.py changed, reloading.
Watching for file changes with StatReloader
C:\Users\ChaseMossing\PycharmProjects\django-glue\django_glue\__init__.py changed, reloading.
Watching for file changes with StatReloader
C:\Users\ChaseMossing\PycharmProjects\django-glue\test_project\gorilla\models.py changed, reloading.
Watching for file changes with StatReloader
C:\Users\ChaseMossing\PycharmProjects\django-glue\test_project\gorilla\models.py changed, reloading.
Watching for file changes with StatReloader
Exception in thread django-main-thread:
Traceback (most recent call last):
  File "C:\Users\ChaseMossing\AppData\Roaming\uv\python\cpython-3.12.0-windows-x86_64-none\Lib\threading.py", line 1052, in _bootstrap_inner
    self.run()
  File "C:\Users\ChaseMossing\AppData\Roaming\uv\python\cpython-3.12.0-windows-x86_64-none\Lib\threading.py", line 989, in run
    self._target(*self._args, **self._kwargs)
  File "C:\Users\ChaseMossing\PycharmProjects\django-glue\.venv\Lib\site-packages\django\utils\autoreload.py", line 64, in wrapper
    fn(*args, **kwargs)
  File "C:\Users\ChaseMossing\PycharmProjects\django-glue\.venv\Lib\site-packages\django\core\management\commands\runserver.py", line 124, in inner_run
    autoreload.raise_last_exception()
  File "C:\Users\ChaseMossing\PycharmProjects\django-glue\.venv\Lib\site-packages\django\utils\autoreload.py", line 86, in raise_last_exception
    raise _exception[1]
  File "C:\Users\ChaseMossing\PycharmProjects\django-glue\.venv\Lib\site-packages\django\core\management\__init__.py", line 395, in execute
    autoreload.check_errors(django.setup)()
  File "C:\Users\ChaseMossing\PycharmProjects\django-glue\.venv\Lib\site-packages\django\utils\autoreload.py", line 64, in wrapper
    fn(*args, **kwargs)
  File "C:\Users\ChaseMossing\PycharmProjects\django-glue\.venv\Lib\site-packages\django\__init__.py", line 24, in setup
    apps.populate(settings.INSTALLED_APPS)
  File "C:\Users\ChaseMossing\PycharmProjects\django-glue\.venv\Lib\site-packages\django\apps\registry.py", line 116, in populate
    app_config.import_models()
  File "C:\Users\ChaseMossing\PycharmProjects\django-glue\.venv\Lib\site-packages\django\apps\config.py", line 269, in import_models
    self.models_module = import_module(models_module_name)
                         ^^^^^^^^^^^^^^^^^^^^^^^^^^^^^^^^^
  File "C:\Users\ChaseMossing\AppData\Roaming\uv\python\cpython-3.12.0-windows-x86_64-none\Lib\importlib\__init__.py", line 90, in import_module
    return _bootstrap._gcd_import(name[level:], package, level)
           ^^^^^^^^^^^^^^^^^^^^^^^^^^^^^^^^^^^^^^^^^^^^^^^^^^^^
  File "<frozen importlib._bootstrap>", line 1381, in _gcd_import
  File "<frozen importlib._bootstrap>", line 1354, in _find_and_load
  File "<frozen importlib._bootstrap>", line 1325, in _find_and_load_unlocked
  File "<frozen importlib._bootstrap>", line 929, in _load_unlocked
  File "<frozen importlib._bootstrap_external>", line 990, in exec_module
  File "<frozen importlib._bootstrap_external>", line 1128, in get_code
  File "<frozen importlib._bootstrap_external>", line 1058, in source_to_code
  File "<frozen importlib._bootstrap>", line 488, in _call_with_frames_removed
  File "C:\Users\ChaseMossing\PycharmProjects\django-glue\test_project\gorilla\models.py", line 56
    services = Glue.Attribute(GorillaServiceDescriptor())S
                                                         ^
SyntaxError: invalid syntax
C:\Users\ChaseMossing\PycharmProjects\django-glue\test_project\gorilla\models.py changed, reloading.
Watching for file changes with StatReloader
C:\Users\ChaseMossing\PycharmProjects\django-glue\test_project\gorilla\models.py changed, reloading.
Watching for file changes with StatReloader
Exception in thread django-main-thread:
Traceback (most recent call last):
  File "C:\Users\ChaseMossing\AppData\Roaming\uv\python\cpython-3.12.0-windows-x86_64-none\Lib\threading.py", line 1052, in _bootstrap_inner
    self.run()
  File "C:\Users\ChaseMossing\AppData\Roaming\uv\python\cpython-3.12.0-windows-x86_64-none\Lib\threading.py", line 989, in run
    self._target(*self._args, **self._kwargs)
  File "C:\Users\ChaseMossing\PycharmProjects\django-glue\.venv\Lib\site-packages\django\utils\autoreload.py", line 64, in wrapper
    fn(*args, **kwargs)
  File "C:\Users\ChaseMossing\PycharmProjects\django-glue\.venv\Lib\site-packages\django\core\management\commands\runserver.py", line 124, in inner_run
    autoreload.raise_last_exception()
  File "C:\Users\ChaseMossing\PycharmProjects\django-glue\.venv\Lib\site-packages\django\utils\autoreload.py", line 86, in raise_last_exception
    raise _exception[1]
  File "C:\Users\ChaseMossing\PycharmProjects\django-glue\.venv\Lib\site-packages\django\core\management\__init__.py", line 395, in execute
    autoreload.check_errors(django.setup)()
  File "C:\Users\ChaseMossing\PycharmProjects\django-glue\.venv\Lib\site-packages\django\utils\autoreload.py", line 64, in wrapper
    fn(*args, **kwargs)
  File "C:\Users\ChaseMossing\PycharmProjects\django-glue\.venv\Lib\site-packages\django\__init__.py", line 24, in setup
    apps.populate(settings.INSTALLED_APPS)
  File "C:\Users\ChaseMossing\PycharmProjects\django-glue\.venv\Lib\site-packages\django\apps\registry.py", line 116, in populate
    app_config.import_models()
  File "C:\Users\ChaseMossing\PycharmProjects\django-glue\.venv\Lib\site-packages\django\apps\config.py", line 269, in import_models
    self.models_module = import_module(models_module_name)
                         ^^^^^^^^^^^^^^^^^^^^^^^^^^^^^^^^^
  File "C:\Users\ChaseMossing\AppData\Roaming\uv\python\cpython-3.12.0-windows-x86_64-none\Lib\importlib\__init__.py", line 90, in import_module
    return _bootstrap._gcd_import(name[level:], package, level)
           ^^^^^^^^^^^^^^^^^^^^^^^^^^^^^^^^^^^^^^^^^^^^^^^^^^^^
  File "<frozen importlib._bootstrap>", line 1381, in _gcd_import
  File "<frozen importlib._bootstrap>", line 1354, in _find_and_load
  File "<frozen importlib._bootstrap>", line 1325, in _find_and_load_unlocked
  File "<frozen importlib._bootstrap>", line 929, in _load_unlocked
  File "<frozen importlib._bootstrap_external>", line 990, in exec_module
  File "<frozen importlib._bootstrap_external>", line 1128, in get_code
  File "<frozen importlib._bootstrap_external>", line 1058, in source_to_code
  File "<frozen importlib._bootstrap>", line 488, in _call_with_frames_removed
  File "C:\Users\ChaseMossing\PycharmProjects\django-glue\test_project\gorilla\models.py", line 56
    services = Glue.Attribute(GorillaServiceDescriptor(), access=)
                                                          ^^^^^^^
SyntaxError: expected argument value expression
C:\Users\ChaseMossing\PycharmProjects\django-glue\test_project\gorilla\models.py changed, reloading.
Watching for file changes with StatReloader
Exception in thread django-main-thread:
Traceback (most recent call last):
  File "C:\Users\ChaseMossing\AppData\Roaming\uv\python\cpython-3.12.0-windows-x86_64-none\Lib\threading.py", line 1052, in _bootstrap_inner
    self.run()
  File "C:\Users\ChaseMossing\AppData\Roaming\uv\python\cpython-3.12.0-windows-x86_64-none\Lib\threading.py", line 989, in run
    self._target(*self._args, **self._kwargs)
  File "C:\Users\ChaseMossing\PycharmProjects\django-glue\.venv\Lib\site-packages\django\utils\autoreload.py", line 64, in wrapper
    fn(*args, **kwargs)
  File "C:\Users\ChaseMossing\PycharmProjects\django-glue\.venv\Lib\site-packages\django\core\management\commands\runserver.py", line 124, in inner_run
    autoreload.raise_last_exception()
  File "C:\Users\ChaseMossing\PycharmProjects\django-glue\.venv\Lib\site-packages\django\utils\autoreload.py", line 86, in raise_last_exception
    raise _exception[1]
  File "C:\Users\ChaseMossing\PycharmProjects\django-glue\.venv\Lib\site-packages\django\core\management\__init__.py", line 395, in execute
    autoreload.check_errors(django.setup)()
  File "C:\Users\ChaseMossing\PycharmProjects\django-glue\.venv\Lib\site-packages\django\utils\autoreload.py", line 64, in wrapper
    fn(*args, **kwargs)
  File "C:\Users\ChaseMossing\PycharmProjects\django-glue\.venv\Lib\site-packages\django\__init__.py", line 24, in setup
    apps.populate(settings.INSTALLED_APPS)
  File "C:\Users\ChaseMossing\PycharmProjects\django-glue\.venv\Lib\site-packages\django\apps\registry.py", line 116, in populate
    app_config.import_models()
  File "C:\Users\ChaseMossing\PycharmProjects\django-glue\.venv\Lib\site-packages\django\apps\config.py", line 269, in import_models
    self.models_module = import_module(models_module_name)
                         ^^^^^^^^^^^^^^^^^^^^^^^^^^^^^^^^^
  File "C:\Users\ChaseMossing\AppData\Roaming\uv\python\cpython-3.12.0-windows-x86_64-none\Lib\importlib\__init__.py", line 90, in import_module
    return _bootstrap._gcd_import(name[level:], package, level)
           ^^^^^^^^^^^^^^^^^^^^^^^^^^^^^^^^^^^^^^^^^^^^^^^^^^^^
  File "<frozen importlib._bootstrap>", line 1381, in _gcd_import
  File "<frozen importlib._bootstrap>", line 1354, in _find_and_load
  File "<frozen importlib._bootstrap>", line 1325, in _find_and_load_unlocked
  File "<frozen importlib._bootstrap>", line 929, in _load_unlocked
  File "<frozen importlib._bootstrap_external>", line 990, in exec_module
  File "<frozen importlib._bootstrap_external>", line 1128, in get_code
  File "<frozen importlib._bootstrap_external>", line 1058, in source_to_code
  File "<frozen importlib._bootstrap>", line 488, in _call_with_frames_removed
  File "C:\Users\ChaseMossing\PycharmProjects\django-glue\test_project\gorilla\models.py", line 56
    services = Glue.Attribute(GorillaServiceDescriptor(), access=Glue.)
                                                                      ^
SyntaxError: invalid syntax
C:\Users\ChaseMossing\PycharmProjects\django-glue\test_project\gorilla\models.py changed, reloading.
Watching for file changes with StatReloader
Exception in thread django-main-thread:
Traceback (most recent call last):
  File "C:\Users\ChaseMossing\AppData\Roaming\uv\python\cpython-3.12.0-windows-x86_64-none\Lib\threading.py", line 1052, in _bootstrap_inner
    self.run()
  File "C:\Users\ChaseMossing\AppData\Roaming\uv\python\cpython-3.12.0-windows-x86_64-none\Lib\threading.py", line 989, in run
    self._target(*self._args, **self._kwargs)
  File "C:\Users\ChaseMossing\PycharmProjects\django-glue\.venv\Lib\site-packages\django\utils\autoreload.py", line 64, in wrapper
    fn(*args, **kwargs)
  File "C:\Users\ChaseMossing\PycharmProjects\django-glue\.venv\Lib\site-packages\django\core\management\commands\runserver.py", line 124, in inner_run
    autoreload.raise_last_exception()
  File "C:\Users\ChaseMossing\PycharmProjects\django-glue\.venv\Lib\site-packages\django\utils\autoreload.py", line 86, in raise_last_exception
    raise _exception[1]
  File "C:\Users\ChaseMossing\PycharmProjects\django-glue\.venv\Lib\site-packages\django\core\management\__init__.py", line 395, in execute
    autoreload.check_errors(django.setup)()
  File "C:\Users\ChaseMossing\PycharmProjects\django-glue\.venv\Lib\site-packages\django\utils\autoreload.py", line 64, in wrapper
    fn(*args, **kwargs)
  File "C:\Users\ChaseMossing\PycharmProjects\django-glue\.venv\Lib\site-packages\django\__init__.py", line 24, in setup
    apps.populate(settings.INSTALLED_APPS)
  File "C:\Users\ChaseMossing\PycharmProjects\django-glue\.venv\Lib\site-packages\django\apps\registry.py", line 116, in populate
    app_config.import_models()
  File "C:\Users\ChaseMossing\PycharmProjects\django-glue\.venv\Lib\site-packages\django\apps\config.py", line 269, in import_models
    self.models_module = import_module(models_module_name)
                         ^^^^^^^^^^^^^^^^^^^^^^^^^^^^^^^^^
  File "C:\Users\ChaseMossing\AppData\Roaming\uv\python\cpython-3.12.0-windows-x86_64-none\Lib\importlib\__init__.py", line 90, in import_module
    return _bootstrap._gcd_import(name[level:], package, level)
           ^^^^^^^^^^^^^^^^^^^^^^^^^^^^^^^^^^^^^^^^^^^^^^^^^^^^
  File "<frozen importlib._bootstrap>", line 1381, in _gcd_import
  File "<frozen importlib._bootstrap>", line 1354, in _find_and_load
  File "<frozen importlib._bootstrap>", line 1325, in _find_and_load_unlocked
  File "<frozen importlib._bootstrap>", line 929, in _load_unlocked
  File "<frozen importlib._bootstrap_external>", line 994, in exec_module
  File "<frozen importlib._bootstrap>", line 488, in _call_with_frames_removed
  File "C:\Users\ChaseMossing\PycharmProjects\django-glue\test_project\gorilla\models.py", line 29, in <module>
    class Gorilla(models.Model):
  File "C:\Users\ChaseMossing\PycharmProjects\django-glue\test_project\gorilla\models.py", line 56, in Gorilla
    services = Glue.Attribute(GorillaServiceDescriptor(), access=Glue.Access.CHANGE)
               ^^^^^^^^^^^^^^^^^^^^^^^^^^^^^^^^^^^^^^^^^^^^^^^^^^^^^^^^^^^^^^^^^^^^^
TypeError: Attribute.__init__() got multiple values for argument 'access'
C:\Users\ChaseMossing\PycharmProjects\django-glue\django_glue\bound_attributes\decorators.py changed, reloading.
Watching for file changes with StatReloader
Exception in thread django-main-thread:
Traceback (most recent call last):
  File "C:\Users\ChaseMossing\AppData\Roaming\uv\python\cpython-3.12.0-windows-x86_64-none\Lib\threading.py", line 1052, in _bootstrap_inner
    self.run()
  File "C:\Users\ChaseMossing\AppData\Roaming\uv\python\cpython-3.12.0-windows-x86_64-none\Lib\threading.py", line 989, in run
    self._target(*self._args, **self._kwargs)
  File "C:\Users\ChaseMossing\PycharmProjects\django-glue\.venv\Lib\site-packages\django\utils\autoreload.py", line 64, in wrapper
    fn(*args, **kwargs)
  File "C:\Users\ChaseMossing\PycharmProjects\django-glue\.venv\Lib\site-packages\django\core\management\commands\runserver.py", line 124, in inner_run
    autoreload.raise_last_exception()
  File "C:\Users\ChaseMossing\PycharmProjects\django-glue\.venv\Lib\site-packages\django\utils\autoreload.py", line 86, in raise_last_exception
    raise _exception[1]
  File "C:\Users\ChaseMossing\PycharmProjects\django-glue\.venv\Lib\site-packages\django\core\management\__init__.py", line 395, in execute
    autoreload.check_errors(django.setup)()
  File "C:\Users\ChaseMossing\PycharmProjects\django-glue\.venv\Lib\site-packages\django\utils\autoreload.py", line 64, in wrapper
    fn(*args, **kwargs)
  File "C:\Users\ChaseMossing\PycharmProjects\django-glue\.venv\Lib\site-packages\django\__init__.py", line 24, in setup
    apps.populate(settings.INSTALLED_APPS)
  File "C:\Users\ChaseMossing\PycharmProjects\django-glue\.venv\Lib\site-packages\django\apps\registry.py", line 116, in populate
    app_config.import_models()
  File "C:\Users\ChaseMossing\PycharmProjects\django-glue\.venv\Lib\site-packages\django\apps\config.py", line 269, in import_models
    self.models_module = import_module(models_module_name)
                         ^^^^^^^^^^^^^^^^^^^^^^^^^^^^^^^^^
  File "C:\Users\ChaseMossing\AppData\Roaming\uv\python\cpython-3.12.0-windows-x86_64-none\Lib\importlib\__init__.py", line 90, in import_module
    return _bootstrap._gcd_import(name[level:], package, level)
           ^^^^^^^^^^^^^^^^^^^^^^^^^^^^^^^^^^^^^^^^^^^^^^^^^^^^
  File "<frozen importlib._bootstrap>", line 1381, in _gcd_import
  File "<frozen importlib._bootstrap>", line 1354, in _find_and_load
  File "<frozen importlib._bootstrap>", line 1325, in _find_and_load_unlocked
  File "<frozen importlib._bootstrap>", line 929, in _load_unlocked
  File "<frozen importlib._bootstrap_external>", line 994, in exec_module
  File "<frozen importlib._bootstrap>", line 488, in _call_with_frames_removed
  File "C:\Users\ChaseMossing\PycharmProjects\django-glue\test_project\gorilla\models.py", line 7, in <module>
    from test_project.gorilla.services import GorillaServiceDescriptor
  File "C:\Users\ChaseMossing\PycharmProjects\django-glue\test_project\gorilla\services.py", line 4, in <module>
    class GorillaService:
  File "C:\Users\ChaseMossing\PycharmProjects\django-glue\test_project\gorilla\services.py", line 8, in GorillaService
    @Glue.Attribute(access=Glue.Access.CHANGE)
     ^^^^^^^^^^^^^^^^^^^^^^^^^^^^^^^^^^^^^^^^^
TypeError: Attribute.__init__() got an unexpected keyword argument 'access'
C:\Users\ChaseMossing\PycharmProjects\django-glue\django_glue\bound_attributes\decorators.py changed, reloading.
Watching for file changes with StatReloader
Exception in thread django-main-thread:
Traceback (most recent call last):
  File "C:\Users\ChaseMossing\AppData\Roaming\uv\python\cpython-3.12.0-windows-x86_64-none\Lib\threading.py", line 1052, in _bootstrap_inner
    self.run()
  File "C:\Users\ChaseMossing\AppData\Roaming\uv\python\cpython-3.12.0-windows-x86_64-none\Lib\threading.py", line 989, in run
    self._target(*self._args, **self._kwargs)
  File "C:\Users\ChaseMossing\PycharmProjects\django-glue\.venv\Lib\site-packages\django\utils\autoreload.py", line 64, in wrapper
    fn(*args, **kwargs)
  File "C:\Users\ChaseMossing\PycharmProjects\django-glue\.venv\Lib\site-packages\django\core\management\commands\runserver.py", line 124, in inner_run
    autoreload.raise_last_exception()
  File "C:\Users\ChaseMossing\PycharmProjects\django-glue\.venv\Lib\site-packages\django\utils\autoreload.py", line 86, in raise_last_exception
    raise _exception[1]
  File "C:\Users\ChaseMossing\PycharmProjects\django-glue\.venv\Lib\site-packages\django\core\management\__init__.py", line 395, in execute
    autoreload.check_errors(django.setup)()
  File "C:\Users\ChaseMossing\PycharmProjects\django-glue\.venv\Lib\site-packages\django\utils\autoreload.py", line 64, in wrapper
    fn(*args, **kwargs)
  File "C:\Users\ChaseMossing\PycharmProjects\django-glue\.venv\Lib\site-packages\django\__init__.py", line 24, in setup
    apps.populate(settings.INSTALLED_APPS)
  File "C:\Users\ChaseMossing\PycharmProjects\django-glue\.venv\Lib\site-packages\django\apps\registry.py", line 91, in populate
    app_config = AppConfig.create(entry)
                 ^^^^^^^^^^^^^^^^^^^^^^^
  File "C:\Users\ChaseMossing\PycharmProjects\django-glue\.venv\Lib\site-packages\django\apps\config.py", line 193, in create
    import_module(entry)
  File "C:\Users\ChaseMossing\AppData\Roaming\uv\python\cpython-3.12.0-windows-x86_64-none\Lib\importlib\__init__.py", line 90, in import_module
    return _bootstrap._gcd_import(name[level:], package, level)
           ^^^^^^^^^^^^^^^^^^^^^^^^^^^^^^^^^^^^^^^^^^^^^^^^^^^^
  File "<frozen importlib._bootstrap>", line 1381, in _gcd_import
  File "<frozen importlib._bootstrap>", line 1354, in _find_and_load
  File "<frozen importlib._bootstrap>", line 1325, in _find_and_load_unlocked
  File "<frozen importlib._bootstrap>", line 929, in _load_unlocked
  File "<frozen importlib._bootstrap_external>", line 994, in exec_module
  File "<frozen importlib._bootstrap>", line 488, in _call_with_frames_removed
  File "C:\Users\ChaseMossing\PycharmProjects\django-glue\django_glue\__init__.py", line 1, in <module>
    from django_glue.shortcuts.glue import Glue
  File "C:\Users\ChaseMossing\PycharmProjects\django-glue\django_glue\shortcuts\glue.py", line 8, in <module>
    from django_glue.bound_attributes.decorators import Attribute
  File "C:\Users\ChaseMossing\PycharmProjects\django-glue\django_glue\bound_attributes\decorators.py", line 13
    def __init__(self, default: Any = _MISSING, access: GlueAccess) -> None:
                                                ^^^^^^^^^^^^^^^^^^
SyntaxError: parameter without a default follows parameter with a default
C:\Users\ChaseMossing\PycharmProjects\django-glue\django_glue\bound_attributes\decorators.py changed, reloading.
Watching for file changes with StatReloader
Exception in thread django-main-thread:
Traceback (most recent call last):
  File "C:\Users\ChaseMossing\AppData\Roaming\uv\python\cpython-3.12.0-windows-x86_64-none\Lib\threading.py", line 1052, in _bootstrap_inner
    self.run()
  File "C:\Users\ChaseMossing\AppData\Roaming\uv\python\cpython-3.12.0-windows-x86_64-none\Lib\threading.py", line 989, in run
    self._target(*self._args, **self._kwargs)
  File "C:\Users\ChaseMossing\PycharmProjects\django-glue\.venv\Lib\site-packages\django\utils\autoreload.py", line 64, in wrapper
    fn(*args, **kwargs)
  File "C:\Users\ChaseMossing\PycharmProjects\django-glue\.venv\Lib\site-packages\django\core\management\commands\runserver.py", line 124, in inner_run
    autoreload.raise_last_exception()
  File "C:\Users\ChaseMossing\PycharmProjects\django-glue\.venv\Lib\site-packages\django\utils\autoreload.py", line 86, in raise_last_exception
    raise _exception[1]
  File "C:\Users\ChaseMossing\PycharmProjects\django-glue\.venv\Lib\site-packages\django\core\management\__init__.py", line 395, in execute
    autoreload.check_errors(django.setup)()
  File "C:\Users\ChaseMossing\PycharmProjects\django-glue\.venv\Lib\site-packages\django\utils\autoreload.py", line 64, in wrapper
    fn(*args, **kwargs)
  File "C:\Users\ChaseMossing\PycharmProjects\django-glue\.venv\Lib\site-packages\django\__init__.py", line 24, in setup
    apps.populate(settings.INSTALLED_APPS)
  File "C:\Users\ChaseMossing\PycharmProjects\django-glue\.venv\Lib\site-packages\django\apps\registry.py", line 116, in populate
    app_config.import_models()
  File "C:\Users\ChaseMossing\PycharmProjects\django-glue\.venv\Lib\site-packages\django\apps\config.py", line 269, in import_models
    self.models_module = import_module(models_module_name)
                         ^^^^^^^^^^^^^^^^^^^^^^^^^^^^^^^^^
  File "C:\Users\ChaseMossing\AppData\Roaming\uv\python\cpython-3.12.0-windows-x86_64-none\Lib\importlib\__init__.py", line 90, in import_module
    return _bootstrap._gcd_import(name[level:], package, level)
           ^^^^^^^^^^^^^^^^^^^^^^^^^^^^^^^^^^^^^^^^^^^^^^^^^^^^
  File "<frozen importlib._bootstrap>", line 1381, in _gcd_import
  File "<frozen importlib._bootstrap>", line 1354, in _find_and_load
  File "<frozen importlib._bootstrap>", line 1325, in _find_and_load_unlocked
  File "<frozen importlib._bootstrap>", line 929, in _load_unlocked
  File "<frozen importlib._bootstrap_external>", line 994, in exec_module
  File "<frozen importlib._bootstrap>", line 488, in _call_with_frames_removed
  File "C:\Users\ChaseMossing\PycharmProjects\django-glue\test_project\gorilla\models.py", line 7, in <module>
    from test_project.gorilla.services import GorillaServiceDescriptor
  File "C:\Users\ChaseMossing\PycharmProjects\django-glue\test_project\gorilla\services.py", line 4, in <module>
    class GorillaService:
  File "C:\Users\ChaseMossing\PycharmProjects\django-glue\test_project\gorilla\services.py", line 8, in GorillaService
    @Glue.Attribute(access=Glue.Access.CHANGE)
     ^^^^^^^^^^^^^^^^^^^^^^^^^^^^^^^^^^^^^^^^^
TypeError: Attribute.__init__() got an unexpected keyword argument 'access'
C:\Users\ChaseMossing\PycharmProjects\django-glue\django_glue\bound_attributes\decorators.py changed, reloading.
Watching for file changes with StatReloader
Exception in thread django-main-thread:
Traceback (most recent call last):
  File "C:\Users\ChaseMossing\AppData\Roaming\uv\python\cpython-3.12.0-windows-x86_64-none\Lib\threading.py", line 1052, in _bootstrap_inner
    self.run()
  File "C:\Users\ChaseMossing\AppData\Roaming\uv\python\cpython-3.12.0-windows-x86_64-none\Lib\threading.py", line 989, in run
    self._target(*self._args, **self._kwargs)
  File "C:\Users\ChaseMossing\PycharmProjects\django-glue\.venv\Lib\site-packages\django\utils\autoreload.py", line 64, in wrapper
    fn(*args, **kwargs)
  File "C:\Users\ChaseMossing\PycharmProjects\django-glue\.venv\Lib\site-packages\django\core\management\commands\runserver.py", line 124, in inner_run
    autoreload.raise_last_exception()
  File "C:\Users\ChaseMossing\PycharmProjects\django-glue\.venv\Lib\site-packages\django\utils\autoreload.py", line 86, in raise_last_exception
    raise _exception[1]
  File "C:\Users\ChaseMossing\PycharmProjects\django-glue\.venv\Lib\site-packages\django\core\management\__init__.py", line 395, in execute
    autoreload.check_errors(django.setup)()
  File "C:\Users\ChaseMossing\PycharmProjects\django-glue\.venv\Lib\site-packages\django\utils\autoreload.py", line 64, in wrapper
    fn(*args, **kwargs)
  File "C:\Users\ChaseMossing\PycharmProjects\django-glue\.venv\Lib\site-packages\django\__init__.py", line 24, in setup
    apps.populate(settings.INSTALLED_APPS)
  File "C:\Users\ChaseMossing\PycharmProjects\django-glue\.venv\Lib\site-packages\django\apps\registry.py", line 116, in populate
    app_config.import_models()
  File "C:\Users\ChaseMossing\PycharmProjects\django-glue\.venv\Lib\site-packages\django\apps\config.py", line 269, in import_models
    self.models_module = import_module(models_module_name)
                         ^^^^^^^^^^^^^^^^^^^^^^^^^^^^^^^^^
  File "C:\Users\ChaseMossing\AppData\Roaming\uv\python\cpython-3.12.0-windows-x86_64-none\Lib\importlib\__init__.py", line 90, in import_module
    return _bootstrap._gcd_import(name[level:], package, level)
           ^^^^^^^^^^^^^^^^^^^^^^^^^^^^^^^^^^^^^^^^^^^^^^^^^^^^
  File "<frozen importlib._bootstrap>", line 1381, in _gcd_import
  File "<frozen importlib._bootstrap>", line 1354, in _find_and_load
  File "<frozen importlib._bootstrap>", line 1325, in _find_and_load_unlocked
  File "<frozen importlib._bootstrap>", line 929, in _load_unlocked
  File "<frozen importlib._bootstrap_external>", line 994, in exec_module
  File "<frozen importlib._bootstrap>", line 488, in _call_with_frames_removed
  File "C:\Users\ChaseMossing\PycharmProjects\django-glue\test_project\gorilla\models.py", line 29, in <module>
    class Gorilla(models.Model):
  File "C:\Users\ChaseMossing\PycharmProjects\django-glue\test_project\gorilla\models.py", line 56, in Gorilla
    services = Glue.Attribute(GorillaServiceDescriptor(), access=Glue.Access.CHANGE)
               ^^^^^^^^^^^^^^^^^^^^^^^^^^^^^^^^^^^^^^^^^^^^^^^^^^^^^^^^^^^^^^^^^^^^^
TypeError: Attribute.__init__() got multiple values for argument 'access'
C:\Users\ChaseMossing\PycharmProjects\django-glue\django_glue\bound_attributes\decorators.py changed, reloading.
Watching for file changes with StatReloader
C:\Users\ChaseMossing\PycharmProjects\django-glue\django_glue\bound_attributes\decorators.py changed, reloading.
Watching for file changes with StatReloader
C:\Users\ChaseMossing\PycharmProjects\django-glue\test_project\gorilla\models.py changed, reloading.
Watching for file changes with StatReloader
C:\Users\ChaseMossing\PycharmProjects\django-glue\django_glue\bound_attributes\attribute.py changed, reloading.
Watching for file changes with StatReloader
Exception in thread django-main-thread:
Traceback (most recent call last):
  File "C:\Users\ChaseMossing\AppData\Roaming\uv\python\cpython-3.12.0-windows-x86_64-none\Lib\threading.py", line 1052, in _bootstrap_inner
    self.run()
  File "C:\Users\ChaseMossing\AppData\Roaming\uv\python\cpython-3.12.0-windows-x86_64-none\Lib\threading.py", line 989, in run
    self._target(*self._args, **self._kwargs)
  File "C:\Users\ChaseMossing\PycharmProjects\django-glue\.venv\Lib\site-packages\django\utils\autoreload.py", line 64, in wrapper
    fn(*args, **kwargs)
  File "C:\Users\ChaseMossing\PycharmProjects\django-glue\.venv\Lib\site-packages\django\core\management\commands\runserver.py", line 134, in inner_run
    self.check(**check_kwargs)
  File "C:\Users\ChaseMossing\PycharmProjects\django-glue\.venv\Lib\site-packages\django\core\management\base.py", line 496, in check
    all_issues = checks.run_checks(
                 ^^^^^^^^^^^^^^^^^^
  File "C:\Users\ChaseMossing\PycharmProjects\django-glue\.venv\Lib\site-packages\django\core\checks\registry.py", line 89, in run_checks
    new_errors = check(app_configs=app_configs, databases=databases)
                 ^^^^^^^^^^^^^^^^^^^^^^^^^^^^^^^^^^^^^^^^^^^^^^^^^^^
  File "C:\Users\ChaseMossing\PycharmProjects\django-glue\.venv\Lib\site-packages\django\core\checks\urls.py", line 44, in check_url_namespaces_unique
    all_namespaces = _load_all_namespaces(resolver)
                     ^^^^^^^^^^^^^^^^^^^^^^^^^^^^^^
  File "C:\Users\ChaseMossing\PycharmProjects\django-glue\.venv\Lib\site-packages\django\core\checks\urls.py", line 63, in _load_all_namespaces
    url_patterns = getattr(resolver, "url_patterns", [])
                   ^^^^^^^^^^^^^^^^^^^^^^^^^^^^^^^^^^^^^
  File "C:\Users\ChaseMossing\PycharmProjects\django-glue\.venv\Lib\site-packages\django\utils\functional.py", line 47, in __get__
    res = instance.__dict__[self.name] = self.func(instance)
                                         ^^^^^^^^^^^^^^^^^^^
  File "C:\Users\ChaseMossing\PycharmProjects\django-glue\.venv\Lib\site-packages\django\urls\resolvers.py", line 729, in url_patterns
    patterns = getattr(self.urlconf_module, "urlpatterns", self.urlconf_module)
                       ^^^^^^^^^^^^^^^^^^^
  File "C:\Users\ChaseMossing\PycharmProjects\django-glue\.venv\Lib\site-packages\django\utils\functional.py", line 47, in __get__
    res = instance.__dict__[self.name] = self.func(instance)
                                         ^^^^^^^^^^^^^^^^^^^
  File "C:\Users\ChaseMossing\PycharmProjects\django-glue\.venv\Lib\site-packages\django\urls\resolvers.py", line 722, in urlconf_module
    return import_module(self.urlconf_name)
           ^^^^^^^^^^^^^^^^^^^^^^^^^^^^^^^^
  File "C:\Users\ChaseMossing\AppData\Roaming\uv\python\cpython-3.12.0-windows-x86_64-none\Lib\importlib\__init__.py", line 90, in import_module
    return _bootstrap._gcd_import(name[level:], package, level)
           ^^^^^^^^^^^^^^^^^^^^^^^^^^^^^^^^^^^^^^^^^^^^^^^^^^^^
  File "<frozen importlib._bootstrap>", line 1381, in _gcd_import
  File "<frozen importlib._bootstrap>", line 1354, in _find_and_load
  File "<frozen importlib._bootstrap>", line 1325, in _find_and_load_unlocked
  File "<frozen importlib._bootstrap>", line 929, in _load_unlocked
  File "<frozen importlib._bootstrap_external>", line 994, in exec_module
  File "<frozen importlib._bootstrap>", line 488, in _call_with_frames_removed
  File "C:\Users\ChaseMossing\PycharmProjects\django-glue\test_project\urls.py", line 16, in <module>
    urlpatterns += django_glue_urls()
                   ^^^^^^^^^^^^^^^^^^
  File "C:\Users\ChaseMossing\PycharmProjects\django-glue\django_glue\shortcuts\urls.py", line 10, in django_glue_urls
    include('django_glue.urls', namespace=constants.BASE_URL_NAME),
    ^^^^^^^^^^^^^^^^^^^^^^^^^^^^^^^^^^^^^^^^^^^^^^^^^^^^^^^^^^^^^^
  File "C:\Users\ChaseMossing\PycharmProjects\django-glue\.venv\Lib\site-packages\django\urls\conf.py", line 39, in include
    urlconf_module = import_module(urlconf_module)
                     ^^^^^^^^^^^^^^^^^^^^^^^^^^^^^
  File "C:\Users\ChaseMossing\AppData\Roaming\uv\python\cpython-3.12.0-windows-x86_64-none\Lib\importlib\__init__.py", line 90, in import_module
    return _bootstrap._gcd_import(name[level:], package, level)
           ^^^^^^^^^^^^^^^^^^^^^^^^^^^^^^^^^^^^^^^^^^^^^^^^^^^^
  File "<frozen importlib._bootstrap>", line 1381, in _gcd_import
  File "<frozen importlib._bootstrap>", line 1354, in _find_and_load
  File "<frozen importlib._bootstrap>", line 1325, in _find_and_load_unlocked
  File "<frozen importlib._bootstrap>", line 929, in _load_unlocked
  File "<frozen importlib._bootstrap_external>", line 994, in exec_module
  File "<frozen importlib._bootstrap>", line 488, in _call_with_frames_removed
  File "C:\Users\ChaseMossing\PycharmProjects\django-glue\django_glue\urls.py", line 4, in <module>
    from django_glue.views.attribute_event_views import proxy_bound_attribute_event_view
  File "C:\Users\ChaseMossing\PycharmProjects\django-glue\django_glue\views\attribute_event_views.py", line 7, in <module>
    from django_glue.resolver.attribute_event.resolver import ProxyBoundAttributeEventResolver
  File "C:\Users\ChaseMossing\PycharmProjects\django-glue\django_glue\resolver\attribute_event\resolver.py", line 6, in <module>
    from django_glue.resolver.attribute_event.schemas import BoundProxyAttributeEvent
  File "C:\Users\ChaseMossing\PycharmProjects\django-glue\django_glue\resolver\attribute_event\schemas.py", line 9, in <module>
    from django_glue.bound_attributes.attribute import BoundProxyAttribute
  File "C:\Users\ChaseMossing\PycharmProjects\django-glue\django_glue\bound_attributes\attribute.py", line 7, in <module>
    class BoundProxyAttribute(BaseModel):
  File "C:\Users\ChaseMossing\PycharmProjects\django-glue\django_glue\bound_attributes\attribute.py", line 9, in BoundProxyAttribute
    required_access: GlueAccess
                     ^^^^^^^^^^
NameError: name 'GlueAccess' is not defined
C:\Users\ChaseMossing\PycharmProjects\django-glue\django_glue\bound_attributes\attribute.py changed, reloading.
Watching for file changes with StatReloader
C:\Users\ChaseMossing\PycharmProjects\django-glue\test_project\gorilla\models.py changed, reloading.
Watching for file changes with StatReloader
C:\Users\ChaseMossing\PycharmProjects\django-glue\test_project\gorilla\models.py changed, reloading.
Watching for file changes with StatReloader
Exception in thread django-main-thread:
Traceback (most recent call last):
  File "C:\Users\ChaseMossing\AppData\Roaming\uv\python\cpython-3.12.0-windows-x86_64-none\Lib\threading.py", line 1052, in _bootstrap_inner
    self.run()
  File "C:\Users\ChaseMossing\AppData\Roaming\uv\python\cpython-3.12.0-windows-x86_64-none\Lib\threading.py", line 989, in run
    self._target(*self._args, **self._kwargs)
  File "C:\Users\ChaseMossing\PycharmProjects\django-glue\.venv\Lib\site-packages\django\utils\autoreload.py", line 64, in wrapper
    fn(*args, **kwargs)
  File "C:\Users\ChaseMossing\PycharmProjects\django-glue\.venv\Lib\site-packages\django\core\management\commands\runserver.py", line 124, in inner_run
    autoreload.raise_last_exception()
  File "C:\Users\ChaseMossing\PycharmProjects\django-glue\.venv\Lib\site-packages\django\utils\autoreload.py", line 86, in raise_last_exception
    raise _exception[1]
  File "C:\Users\ChaseMossing\PycharmProjects\django-glue\.venv\Lib\site-packages\django\core\management\__init__.py", line 395, in execute
    autoreload.check_errors(django.setup)()
  File "C:\Users\ChaseMossing\PycharmProjects\django-glue\.venv\Lib\site-packages\django\utils\autoreload.py", line 64, in wrapper
    fn(*args, **kwargs)
  File "C:\Users\ChaseMossing\PycharmProjects\django-glue\.venv\Lib\site-packages\django\__init__.py", line 24, in setup
    apps.populate(settings.INSTALLED_APPS)
  File "C:\Users\ChaseMossing\PycharmProjects\django-glue\.venv\Lib\site-packages\django\apps\registry.py", line 116, in populate
    app_config.import_models()
  File "C:\Users\ChaseMossing\PycharmProjects\django-glue\.venv\Lib\site-packages\django\apps\config.py", line 269, in import_models
    self.models_module = import_module(models_module_name)
                         ^^^^^^^^^^^^^^^^^^^^^^^^^^^^^^^^^
  File "C:\Users\ChaseMossing\AppData\Roaming\uv\python\cpython-3.12.0-windows-x86_64-none\Lib\importlib\__init__.py", line 90, in import_module
    return _bootstrap._gcd_import(name[level:], package, level)
           ^^^^^^^^^^^^^^^^^^^^^^^^^^^^^^^^^^^^^^^^^^^^^^^^^^^^
  File "<frozen importlib._bootstrap>", line 1381, in _gcd_import
  File "<frozen importlib._bootstrap>", line 1354, in _find_and_load
  File "<frozen importlib._bootstrap>", line 1325, in _find_and_load_unlocked
  File "<frozen importlib._bootstrap>", line 929, in _load_unlocked
  File "<frozen importlib._bootstrap_external>", line 990, in exec_module
  File "<frozen importlib._bootstrap_external>", line 1128, in get_code
  File "<frozen importlib._bootstrap_external>", line 1058, in source_to_code
  File "<frozen importlib._bootstrap>", line 488, in _call_with_frames_removed
  File "C:\Users\ChaseMossing\PycharmProjects\django-glue\test_project\gorilla\models.py", line 75
    f"[Battle Cry] User '{request.user}' triggered 
    ^
SyntaxError: unterminated f-string literal (detected at line 75)
C:\Users\ChaseMossing\PycharmProjects\django-glue\test_project\gorilla\models.py changed, reloading.
Watching for file changes with StatReloader
Exception in thread django-main-thread:
Traceback (most recent call last):
  File "C:\Users\ChaseMossing\AppData\Roaming\uv\python\cpython-3.12.0-windows-x86_64-none\Lib\threading.py", line 1052, in _bootstrap_inner
    self.run()
  File "C:\Users\ChaseMossing\AppData\Roaming\uv\python\cpython-3.12.0-windows-x86_64-none\Lib\threading.py", line 989, in run
    self._target(*self._args, **self._kwargs)
  File "C:\Users\ChaseMossing\PycharmProjects\django-glue\.venv\Lib\site-packages\django\utils\autoreload.py", line 64, in wrapper
    fn(*args, **kwargs)
  File "C:\Users\ChaseMossing\PycharmProjects\django-glue\.venv\Lib\site-packages\django\core\management\commands\runserver.py", line 124, in inner_run
    autoreload.raise_last_exception()
  File "C:\Users\ChaseMossing\PycharmProjects\django-glue\.venv\Lib\site-packages\django\utils\autoreload.py", line 86, in raise_last_exception
    raise _exception[1]
  File "C:\Users\ChaseMossing\PycharmProjects\django-glue\.venv\Lib\site-packages\django\core\management\__init__.py", line 395, in execute
    autoreload.check_errors(django.setup)()
  File "C:\Users\ChaseMossing\PycharmProjects\django-glue\.venv\Lib\site-packages\django\utils\autoreload.py", line 64, in wrapper
    fn(*args, **kwargs)
  File "C:\Users\ChaseMossing\PycharmProjects\django-glue\.venv\Lib\site-packages\django\__init__.py", line 24, in setup
    apps.populate(settings.INSTALLED_APPS)
  File "C:\Users\ChaseMossing\PycharmProjects\django-glue\.venv\Lib\site-packages\django\apps\registry.py", line 116, in populate
    app_config.import_models()
  File "C:\Users\ChaseMossing\PycharmProjects\django-glue\.venv\Lib\site-packages\django\apps\config.py", line 269, in import_models
    self.models_module = import_module(models_module_name)
                         ^^^^^^^^^^^^^^^^^^^^^^^^^^^^^^^^^
  File "C:\Users\ChaseMossing\AppData\Roaming\uv\python\cpython-3.12.0-windows-x86_64-none\Lib\importlib\__init__.py", line 90, in import_module
    return _bootstrap._gcd_import(name[level:], package, level)
           ^^^^^^^^^^^^^^^^^^^^^^^^^^^^^^^^^^^^^^^^^^^^^^^^^^^^
  File "<frozen importlib._bootstrap>", line 1381, in _gcd_import
  File "<frozen importlib._bootstrap>", line 1354, in _find_and_load
  File "<frozen importlib._bootstrap>", line 1325, in _find_and_load_unlocked
  File "<frozen importlib._bootstrap>", line 929, in _load_unlocked
  File "<frozen importlib._bootstrap_external>", line 990, in exec_module
  File "<frozen importlib._bootstrap_external>", line 1128, in get_code
  File "<frozen importlib._bootstrap_external>", line 1058, in source_to_code
  File "<frozen importlib._bootstrap>", line 488, in _call_with_frames_removed
  File "C:\Users\ChaseMossing\PycharmProjects\django-glue\test_project\gorilla\models.py", line 76
    {self.name}'s battle cry (intensity: {intensity})"
               ^
SyntaxError: unterminated string literal (detected at line 76)
C:\Users\ChaseMossing\PycharmProjects\django-glue\test_project\gorilla\models.py changed, reloading.
Watching for file changes with StatReloader
C:\Users\ChaseMossing\PycharmProjects\django-glue\test_project\gorilla\models.py changed, reloading.
Watching for file changes with StatReloader
C:\Users\ChaseMossing\PycharmProjects\django-glue\test_project\gorilla\models.py changed, reloading.
Watching for file changes with StatReloader
C:\Users\ChaseMossing\PycharmProjects\django-glue\test_project\gorilla\models.py changed, reloading.
Watching for file changes with StatReloader
C:\Users\ChaseMossing\PycharmProjects\django-glue\test_project\gorilla\models.py changed, reloading.
Watching for file changes with StatReloader
C:\Users\ChaseMossing\PycharmProjects\django-glue\test_project\gorilla\models.py changed, reloading.
Watching for file changes with StatReloader
C:\Users\ChaseMossing\PycharmProjects\django-glue\test_project\gorilla\models.py changed, reloading.
Watching for file changes with StatReloader
C:\Users\ChaseMossing\PycharmProjects\django-glue\test_project\gorilla\models.py changed, reloading.
Watching for file changes with StatReloader
Exception in thread django-main-thread:
Traceback (most recent call last):
  File "C:\Users\ChaseMossing\AppData\Roaming\uv\python\cpython-3.12.0-windows-x86_64-none\Lib\threading.py", line 1052, in _bootstrap_inner
    self.run()
  File "C:\Users\ChaseMossing\AppData\Roaming\uv\python\cpython-3.12.0-windows-x86_64-none\Lib\threading.py", line 989, in run
    self._target(*self._args, **self._kwargs)
  File "C:\Users\ChaseMossing\PycharmProjects\django-glue\.venv\Lib\site-packages\django\utils\autoreload.py", line 64, in wrapper
    fn(*args, **kwargs)
  File "C:\Users\ChaseMossing\PycharmProjects\django-glue\.venv\Lib\site-packages\django\core\management\commands\runserver.py", line 124, in inner_run
    autoreload.raise_last_exception()
  File "C:\Users\ChaseMossing\PycharmProjects\django-glue\.venv\Lib\site-packages\django\utils\autoreload.py", line 86, in raise_last_exception
    raise _exception[1]
  File "C:\Users\ChaseMossing\PycharmProjects\django-glue\.venv\Lib\site-packages\django\core\management\__init__.py", line 395, in execute
    autoreload.check_errors(django.setup)()
  File "C:\Users\ChaseMossing\PycharmProjects\django-glue\.venv\Lib\site-packages\django\utils\autoreload.py", line 64, in wrapper
    fn(*args, **kwargs)
  File "C:\Users\ChaseMossing\PycharmProjects\django-glue\.venv\Lib\site-packages\django\__init__.py", line 24, in setup
    apps.populate(settings.INSTALLED_APPS)
  File "C:\Users\ChaseMossing\PycharmProjects\django-glue\.venv\Lib\site-packages\django\apps\registry.py", line 116, in populate
    app_config.import_models()
  File "C:\Users\ChaseMossing\PycharmProjects\django-glue\.venv\Lib\site-packages\django\apps\config.py", line 269, in import_models
    self.models_module = import_module(models_module_name)
                         ^^^^^^^^^^^^^^^^^^^^^^^^^^^^^^^^^
  File "C:\Users\ChaseMossing\AppData\Roaming\uv\python\cpython-3.12.0-windows-x86_64-none\Lib\importlib\__init__.py", line 90, in import_module
    return _bootstrap._gcd_import(name[level:], package, level)
           ^^^^^^^^^^^^^^^^^^^^^^^^^^^^^^^^^^^^^^^^^^^^^^^^^^^^
  File "<frozen importlib._bootstrap>", line 1381, in _gcd_import
  File "<frozen importlib._bootstrap>", line 1354, in _find_and_load
  File "<frozen importlib._bootstrap>", line 1325, in _find_and_load_unlocked
  File "<frozen importlib._bootstrap>", line 929, in _load_unlocked
  File "<frozen importlib._bootstrap_external>", line 990, in exec_module
  File "<frozen importlib._bootstrap_external>", line 1128, in get_code
  File "<frozen importlib._bootstrap_external>", line 1058, in source_to_code
  File "<frozen importlib._bootstrap>", line 488, in _call_with_frames_removed
  File "C:\Users\ChaseMossing\PycharmProjects\django-glue\test_project\gorilla\models.py", line 105
    def something(self) ->:
                        ^^
SyntaxError: expected ':'
C:\Users\ChaseMossing\PycharmProjects\django-glue\test_project\gorilla\models.py changed, reloading.
Watching for file changes with StatReloader
Exception in thread django-main-thread:
Traceback (most recent call last):
  File "C:\Users\ChaseMossing\AppData\Roaming\uv\python\cpython-3.12.0-windows-x86_64-none\Lib\threading.py", line 1052, in _bootstrap_inner
    self.run()
  File "C:\Users\ChaseMossing\AppData\Roaming\uv\python\cpython-3.12.0-windows-x86_64-none\Lib\threading.py", line 989, in run
    self._target(*self._args, **self._kwargs)
  File "C:\Users\ChaseMossing\PycharmProjects\django-glue\.venv\Lib\site-packages\django\utils\autoreload.py", line 64, in wrapper
    fn(*args, **kwargs)
  File "C:\Users\ChaseMossing\PycharmProjects\django-glue\.venv\Lib\site-packages\django\core\management\commands\runserver.py", line 124, in inner_run
    autoreload.raise_last_exception()
  File "C:\Users\ChaseMossing\PycharmProjects\django-glue\.venv\Lib\site-packages\django\utils\autoreload.py", line 86, in raise_last_exception
    raise _exception[1]
  File "C:\Users\ChaseMossing\PycharmProjects\django-glue\.venv\Lib\site-packages\django\core\management\__init__.py", line 395, in execute
    autoreload.check_errors(django.setup)()
  File "C:\Users\ChaseMossing\PycharmProjects\django-glue\.venv\Lib\site-packages\django\utils\autoreload.py", line 64, in wrapper
    fn(*args, **kwargs)
  File "C:\Users\ChaseMossing\PycharmProjects\django-glue\.venv\Lib\site-packages\django\__init__.py", line 24, in setup
    apps.populate(settings.INSTALLED_APPS)
  File "C:\Users\ChaseMossing\PycharmProjects\django-glue\.venv\Lib\site-packages\django\apps\registry.py", line 116, in populate
    app_config.import_models()
  File "C:\Users\ChaseMossing\PycharmProjects\django-glue\.venv\Lib\site-packages\django\apps\config.py", line 269, in import_models
    self.models_module = import_module(models_module_name)
                         ^^^^^^^^^^^^^^^^^^^^^^^^^^^^^^^^^
  File "C:\Users\ChaseMossing\AppData\Roaming\uv\python\cpython-3.12.0-windows-x86_64-none\Lib\importlib\__init__.py", line 90, in import_module
    return _bootstrap._gcd_import(name[level:], package, level)
           ^^^^^^^^^^^^^^^^^^^^^^^^^^^^^^^^^^^^^^^^^^^^^^^^^^^^
  File "<frozen importlib._bootstrap>", line 1381, in _gcd_import
  File "<frozen importlib._bootstrap>", line 1354, in _find_and_load
  File "<frozen importlib._bootstrap>", line 1325, in _find_and_load_unlocked
  File "<frozen importlib._bootstrap>", line 929, in _load_unlocked
  File "<frozen importlib._bootstrap_external>", line 990, in exec_module
  File "<frozen importlib._bootstrap_external>", line 1128, in get_code
  File "<frozen importlib._bootstrap_external>", line 1058, in source_to_code
  File "<frozen importlib._bootstrap>", line 488, in _call_with_frames_removed
  File "C:\Users\ChaseMossing\PycharmProjects\django-glue\test_project\gorilla\models.py", line 105
    def something(self) -> :
                        ^^
SyntaxError: expected ':'
C:\Users\ChaseMossing\PycharmProjects\django-glue\test_project\gorilla\models.py changed, reloading.
Watching for file changes with StatReloader
C:\Users\ChaseMossing\PycharmProjects\django-glue\test_project\gorilla\models.py changed, reloading.
Watching for file changes with StatReloader
C:\Users\ChaseMossing\PycharmProjects\django-glue\test_project\gorilla\models.py changed, reloading.
Watching for file changes with StatReloader
C:\Users\ChaseMossing\PycharmProjects\django-glue\test_project\gorilla\models.py changed, reloading.
Watching for file changes with StatReloader
C:\Users\ChaseMossing\PycharmProjects\django-glue\test_project\gorilla\models.py changed, reloading.
Watching for file changes with StatReloader
Exception in thread django-main-thread:
Traceback (most recent call last):
  File "C:\Users\ChaseMossing\AppData\Roaming\uv\python\cpython-3.12.0-windows-x86_64-none\Lib\threading.py", line 1052, in _bootstrap_inner
    self.run()
  File "C:\Users\ChaseMossing\AppData\Roaming\uv\python\cpython-3.12.0-windows-x86_64-none\Lib\threading.py", line 989, in run
    self._target(*self._args, **self._kwargs)
  File "C:\Users\ChaseMossing\PycharmProjects\django-glue\.venv\Lib\site-packages\django\utils\autoreload.py", line 64, in wrapper
    fn(*args, **kwargs)
  File "C:\Users\ChaseMossing\PycharmProjects\django-glue\.venv\Lib\site-packages\django\core\management\commands\runserver.py", line 124, in inner_run
    autoreload.raise_last_exception()
  File "C:\Users\ChaseMossing\PycharmProjects\django-glue\.venv\Lib\site-packages\django\utils\autoreload.py", line 86, in raise_last_exception
    raise _exception[1]
  File "C:\Users\ChaseMossing\PycharmProjects\django-glue\.venv\Lib\site-packages\django\core\management\__init__.py", line 395, in execute
    autoreload.check_errors(django.setup)()
  File "C:\Users\ChaseMossing\PycharmProjects\django-glue\.venv\Lib\site-packages\django\utils\autoreload.py", line 64, in wrapper
    fn(*args, **kwargs)
  File "C:\Users\ChaseMossing\PycharmProjects\django-glue\.venv\Lib\site-packages\django\__init__.py", line 24, in setup
    apps.populate(settings.INSTALLED_APPS)
  File "C:\Users\ChaseMossing\PycharmProjects\django-glue\.venv\Lib\site-packages\django\apps\registry.py", line 116, in populate
    app_config.import_models()
  File "C:\Users\ChaseMossing\PycharmProjects\django-glue\.venv\Lib\site-packages\django\apps\config.py", line 269, in import_models
    self.models_module = import_module(models_module_name)
                         ^^^^^^^^^^^^^^^^^^^^^^^^^^^^^^^^^
  File "C:\Users\ChaseMossing\AppData\Roaming\uv\python\cpython-3.12.0-windows-x86_64-none\Lib\importlib\__init__.py", line 90, in import_module
    return _bootstrap._gcd_import(name[level:], package, level)
           ^^^^^^^^^^^^^^^^^^^^^^^^^^^^^^^^^^^^^^^^^^^^^^^^^^^^
  File "<frozen importlib._bootstrap>", line 1381, in _gcd_import
  File "<frozen importlib._bootstrap>", line 1354, in _find_and_load
  File "<frozen importlib._bootstrap>", line 1325, in _find_and_load_unlocked
  File "<frozen importlib._bootstrap>", line 929, in _load_unlocked
  File "<frozen importlib._bootstrap_external>", line 990, in exec_module
  File "<frozen importlib._bootstrap_external>", line 1128, in get_code
  File "<frozen importlib._bootstrap_external>", line 1058, in source_to_code
  File "<frozen importlib._bootstrap>", line 488, in _call_with_frames_removed
  File "C:\Users\ChaseMossing\PycharmProjects\django-glue\test_project\gorilla\models.py", line 60
    class Meta:
IndentationError: unexpected indent
C:\Users\ChaseMossing\PycharmProjects\django-glue\test_project\gorilla\models.py changed, reloading.
Watching for file changes with StatReloader
C:\Users\ChaseMossing\PycharmProjects\django-glue\test_project\gorilla\models.py changed, reloading.
Watching for file changes with StatReloader
C:\Users\ChaseMossing\PycharmProjects\django-glue\django_glue\proxies\policy.py changed, reloading.
Watching for file changes with StatReloader
C:\Users\ChaseMossing\PycharmProjects\django-glue\django_glue\proxies\proxy.py changed, reloading.
Watching for file changes with StatReloader
C:\Users\ChaseMossing\PycharmProjects\django-glue\django_glue\proxies\proxy.py changed, reloading.
Watching for file changes with StatReloader
C:\Users\ChaseMossing\PycharmProjects\django-glue\django_glue\proxies\proxy.py changed, reloading.
Watching for file changes with StatReloader
C:\Users\ChaseMossing\PycharmProjects\django-glue\django_glue\proxies\policy.py changed, reloading.
Watching for file changes with StatReloader
C:\Users\ChaseMossing\PycharmProjects\django-glue\django_glue\proxies\policy.py changed, reloading.
Watching for file changes with StatReloader
C:\Users\ChaseMossing\PycharmProjects\django-glue\django_glue\proxies\policy.py changed, reloading.
Watching for file changes with StatReloader
Exception in thread django-main-thread:
Traceback (most recent call last):
  File "C:\Users\ChaseMossing\AppData\Roaming\uv\python\cpython-3.12.0-windows-x86_64-none\Lib\threading.py", line 1052, in _bootstrap_inner
    self.run()
  File "C:\Users\ChaseMossing\AppData\Roaming\uv\python\cpython-3.12.0-windows-x86_64-none\Lib\threading.py", line 989, in run
    self._target(*self._args, **self._kwargs)
  File "C:\Users\ChaseMossing\PycharmProjects\django-glue\.venv\Lib\site-packages\django\utils\autoreload.py", line 64, in wrapper
    fn(*args, **kwargs)
  File "C:\Users\ChaseMossing\PycharmProjects\django-glue\.venv\Lib\site-packages\django\core\management\commands\runserver.py", line 134, in inner_run
    self.check(**check_kwargs)
  File "C:\Users\ChaseMossing\PycharmProjects\django-glue\.venv\Lib\site-packages\django\core\management\base.py", line 496, in check
    all_issues = checks.run_checks(
                 ^^^^^^^^^^^^^^^^^^
  File "C:\Users\ChaseMossing\PycharmProjects\django-glue\.venv\Lib\site-packages\django\core\checks\registry.py", line 89, in run_checks
    new_errors = check(app_configs=app_configs, databases=databases)
                 ^^^^^^^^^^^^^^^^^^^^^^^^^^^^^^^^^^^^^^^^^^^^^^^^^^^
  File "C:\Users\ChaseMossing\PycharmProjects\django-glue\.venv\Lib\site-packages\django\core\checks\urls.py", line 44, in check_url_namespaces_unique
    all_namespaces = _load_all_namespaces(resolver)
                     ^^^^^^^^^^^^^^^^^^^^^^^^^^^^^^
  File "C:\Users\ChaseMossing\PycharmProjects\django-glue\.venv\Lib\site-packages\django\core\checks\urls.py", line 63, in _load_all_namespaces
    url_patterns = getattr(resolver, "url_patterns", [])
                   ^^^^^^^^^^^^^^^^^^^^^^^^^^^^^^^^^^^^^
  File "C:\Users\ChaseMossing\PycharmProjects\django-glue\.venv\Lib\site-packages\django\utils\functional.py", line 47, in __get__
    res = instance.__dict__[self.name] = self.func(instance)
                                         ^^^^^^^^^^^^^^^^^^^
  File "C:\Users\ChaseMossing\PycharmProjects\django-glue\.venv\Lib\site-packages\django\urls\resolvers.py", line 729, in url_patterns
    patterns = getattr(self.urlconf_module, "urlpatterns", self.urlconf_module)
                       ^^^^^^^^^^^^^^^^^^^
  File "C:\Users\ChaseMossing\PycharmProjects\django-glue\.venv\Lib\site-packages\django\utils\functional.py", line 47, in __get__
    res = instance.__dict__[self.name] = self.func(instance)
                                         ^^^^^^^^^^^^^^^^^^^
  File "C:\Users\ChaseMossing\PycharmProjects\django-glue\.venv\Lib\site-packages\django\urls\resolvers.py", line 722, in urlconf_module
    return import_module(self.urlconf_name)
           ^^^^^^^^^^^^^^^^^^^^^^^^^^^^^^^^
  File "C:\Users\ChaseMossing\AppData\Roaming\uv\python\cpython-3.12.0-windows-x86_64-none\Lib\importlib\__init__.py", line 90, in import_module
    return _bootstrap._gcd_import(name[level:], package, level)
           ^^^^^^^^^^^^^^^^^^^^^^^^^^^^^^^^^^^^^^^^^^^^^^^^^^^^
  File "<frozen importlib._bootstrap>", line 1381, in _gcd_import
  File "<frozen importlib._bootstrap>", line 1354, in _find_and_load
  File "<frozen importlib._bootstrap>", line 1325, in _find_and_load_unlocked
  File "<frozen importlib._bootstrap>", line 929, in _load_unlocked
  File "<frozen importlib._bootstrap_external>", line 994, in exec_module
  File "<frozen importlib._bootstrap>", line 488, in _call_with_frames_removed
  File "C:\Users\ChaseMossing\PycharmProjects\django-glue\test_project\urls.py", line 12, in <module>
    path('lab/', include('test_project.lab.urls')),
                 ^^^^^^^^^^^^^^^^^^^^^^^^^^^^^^^^
  File "C:\Users\ChaseMossing\PycharmProjects\django-glue\.venv\Lib\site-packages\django\urls\conf.py", line 39, in include
    urlconf_module = import_module(urlconf_module)
                     ^^^^^^^^^^^^^^^^^^^^^^^^^^^^^
  File "C:\Users\ChaseMossing\AppData\Roaming\uv\python\cpython-3.12.0-windows-x86_64-none\Lib\importlib\__init__.py", line 90, in import_module
    return _bootstrap._gcd_import(name[level:], package, level)
           ^^^^^^^^^^^^^^^^^^^^^^^^^^^^^^^^^^^^^^^^^^^^^^^^^^^^
  File "<frozen importlib._bootstrap>", line 1381, in _gcd_import
  File "<frozen importlib._bootstrap>", line 1354, in _find_and_load
  File "<frozen importlib._bootstrap>", line 1325, in _find_and_load_unlocked
  File "<frozen importlib._bootstrap>", line 929, in _load_unlocked
  File "<frozen importlib._bootstrap_external>", line 994, in exec_module
  File "<frozen importlib._bootstrap>", line 488, in _call_with_frames_removed
  File "C:\Users\ChaseMossing\PycharmProjects\django-glue\test_project\lab\urls\__init__.py", line 6, in <module>
    path('performance/', include('test_project.lab.urls.performance_urls'), name='performance'),
                         ^^^^^^^^^^^^^^^^^^^^^^^^^^^^^^^^^^^^^^^^^^^^^^^^^
  File "C:\Users\ChaseMossing\PycharmProjects\django-glue\.venv\Lib\site-packages\django\urls\conf.py", line 39, in include
    urlconf_module = import_module(urlconf_module)
                     ^^^^^^^^^^^^^^^^^^^^^^^^^^^^^
  File "C:\Users\ChaseMossing\AppData\Roaming\uv\python\cpython-3.12.0-windows-x86_64-none\Lib\importlib\__init__.py", line 90, in import_module
    return _bootstrap._gcd_import(name[level:], package, level)
           ^^^^^^^^^^^^^^^^^^^^^^^^^^^^^^^^^^^^^^^^^^^^^^^^^^^^
  File "<frozen importlib._bootstrap>", line 1381, in _gcd_import
  File "<frozen importlib._bootstrap>", line 1354, in _find_and_load
  File "<frozen importlib._bootstrap>", line 1325, in _find_and_load_unlocked
  File "<frozen importlib._bootstrap>", line 929, in _load_unlocked
  File "<frozen importlib._bootstrap_external>", line 994, in exec_module
  File "<frozen importlib._bootstrap>", line 488, in _call_with_frames_removed
  File "C:\Users\ChaseMossing\PycharmProjects\django-glue\test_project\lab\urls\performance_urls.py", line 3, in <module>
    from test_project.lab.views import performance_views
  File "C:\Users\ChaseMossing\PycharmProjects\django-glue\test_project\lab\views\performance_views.py", line 10, in <module>
    from django_glue.proxies import GlueModelInstanceProxy, GlueQuerySetProxy, GlueFormProxy
  File "C:\Users\ChaseMossing\PycharmProjects\django-glue\django_glue\proxies\__init__.py", line 1, in <module>
    from django_glue.proxies.model.proxy import BaseGlueModelProxy
  File "C:\Users\ChaseMossing\PycharmProjects\django-glue\django_glue\proxies\model\proxy.py", line 14, in <module>
    from django_glue.proxies.form.proxy import GlueFormProxy
  File "C:\Users\ChaseMossing\PycharmProjects\django-glue\django_glue\proxies\form\__init__.py", line 1, in <module>
    from django_glue.proxies.form.proxy import GlueFormProxy
  File "C:\Users\ChaseMossing\PycharmProjects\django-glue\django_glue\proxies\form\proxy.py", line 9, in <module>
    from django_glue.proxies.form.state import GlueFormProxyState
  File "C:\Users\ChaseMossing\PycharmProjects\django-glue\django_glue\proxies\form\state.py", line 7, in <module>
    from django_glue.proxies.policy import ProxyPolicySubjectDetails
  File "C:\Users\ChaseMossing\PycharmProjects\django-glue\django_glue\proxies\policy.py", line 75
    self.created_at = 
                      ^
SyntaxError: invalid syntax
C:\Users\ChaseMossing\PycharmProjects\django-glue\django_glue\proxies\policy.py changed, reloading.
Watching for file changes with StatReloader
C:\Users\ChaseMossing\PycharmProjects\django-glue\django_glue\proxies\proxy.py changed, reloading.
Watching for file changes with StatReloader
C:\Users\ChaseMossing\PycharmProjects\django-glue\django_glue\proxies\proxy.py changed, reloading.
Watching for file changes with StatReloader
C:\Users\ChaseMossing\PycharmProjects\django-glue\django_glue\resolver\attribute_event\schemas.py changed, reloading.
Watching for file changes with StatReloader
C:\Users\ChaseMossing\PycharmProjects\django-glue\django_glue\proxies\proxy.py changed, reloading.
Watching for file changes with StatReloader
Exception in thread django-main-thread:
Traceback (most recent call last):
  File "C:\Users\ChaseMossing\AppData\Roaming\uv\python\cpython-3.12.0-windows-x86_64-none\Lib\threading.py", line 1052, in _bootstrap_inner
    self.run()
  File "C:\Users\ChaseMossing\AppData\Roaming\uv\python\cpython-3.12.0-windows-x86_64-none\Lib\threading.py", line 989, in run
    self._target(*self._args, **self._kwargs)
  File "C:\Users\ChaseMossing\PycharmProjects\django-glue\.venv\Lib\site-packages\django\utils\autoreload.py", line 64, in wrapper
    fn(*args, **kwargs)
  File "C:\Users\ChaseMossing\PycharmProjects\django-glue\.venv\Lib\site-packages\django\core\management\commands\runserver.py", line 134, in inner_run
    self.check(**check_kwargs)
  File "C:\Users\ChaseMossing\PycharmProjects\django-glue\.venv\Lib\site-packages\django\core\management\base.py", line 496, in check
    all_issues = checks.run_checks(
                 ^^^^^^^^^^^^^^^^^^
  File "C:\Users\ChaseMossing\PycharmProjects\django-glue\.venv\Lib\site-packages\django\core\checks\registry.py", line 89, in run_checks
    new_errors = check(app_configs=app_configs, databases=databases)
                 ^^^^^^^^^^^^^^^^^^^^^^^^^^^^^^^^^^^^^^^^^^^^^^^^^^^
  File "C:\Users\ChaseMossing\PycharmProjects\django-glue\.venv\Lib\site-packages\django\core\checks\urls.py", line 44, in check_url_namespaces_unique
    all_namespaces = _load_all_namespaces(resolver)
                     ^^^^^^^^^^^^^^^^^^^^^^^^^^^^^^
  File "C:\Users\ChaseMossing\PycharmProjects\django-glue\.venv\Lib\site-packages\django\core\checks\urls.py", line 63, in _load_all_namespaces
    url_patterns = getattr(resolver, "url_patterns", [])
                   ^^^^^^^^^^^^^^^^^^^^^^^^^^^^^^^^^^^^^
  File "C:\Users\ChaseMossing\PycharmProjects\django-glue\.venv\Lib\site-packages\django\utils\functional.py", line 47, in __get__
    res = instance.__dict__[self.name] = self.func(instance)
                                         ^^^^^^^^^^^^^^^^^^^
  File "C:\Users\ChaseMossing\PycharmProjects\django-glue\.venv\Lib\site-packages\django\urls\resolvers.py", line 729, in url_patterns
    patterns = getattr(self.urlconf_module, "urlpatterns", self.urlconf_module)
                       ^^^^^^^^^^^^^^^^^^^
  File "C:\Users\ChaseMossing\PycharmProjects\django-glue\.venv\Lib\site-packages\django\utils\functional.py", line 47, in __get__
    res = instance.__dict__[self.name] = self.func(instance)
                                         ^^^^^^^^^^^^^^^^^^^
  File "C:\Users\ChaseMossing\PycharmProjects\django-glue\.venv\Lib\site-packages\django\urls\resolvers.py", line 722, in urlconf_module
    return import_module(self.urlconf_name)
           ^^^^^^^^^^^^^^^^^^^^^^^^^^^^^^^^
  File "C:\Users\ChaseMossing\AppData\Roaming\uv\python\cpython-3.12.0-windows-x86_64-none\Lib\importlib\__init__.py", line 90, in import_module
    return _bootstrap._gcd_import(name[level:], package, level)
           ^^^^^^^^^^^^^^^^^^^^^^^^^^^^^^^^^^^^^^^^^^^^^^^^^^^^
  File "<frozen importlib._bootstrap>", line 1381, in _gcd_import
  File "<frozen importlib._bootstrap>", line 1354, in _find_and_load
  File "<frozen importlib._bootstrap>", line 1325, in _find_and_load_unlocked
  File "<frozen importlib._bootstrap>", line 929, in _load_unlocked
  File "<frozen importlib._bootstrap_external>", line 994, in exec_module
  File "<frozen importlib._bootstrap>", line 488, in _call_with_frames_removed
  File "C:\Users\ChaseMossing\PycharmProjects\django-glue\test_project\urls.py", line 12, in <module>
    path('lab/', include('test_project.lab.urls')),
                 ^^^^^^^^^^^^^^^^^^^^^^^^^^^^^^^^
  File "C:\Users\ChaseMossing\PycharmProjects\django-glue\.venv\Lib\site-packages\django\urls\conf.py", line 39, in include
    urlconf_module = import_module(urlconf_module)
                     ^^^^^^^^^^^^^^^^^^^^^^^^^^^^^
  File "C:\Users\ChaseMossing\AppData\Roaming\uv\python\cpython-3.12.0-windows-x86_64-none\Lib\importlib\__init__.py", line 90, in import_module
    return _bootstrap._gcd_import(name[level:], package, level)
           ^^^^^^^^^^^^^^^^^^^^^^^^^^^^^^^^^^^^^^^^^^^^^^^^^^^^
  File "<frozen importlib._bootstrap>", line 1381, in _gcd_import
  File "<frozen importlib._bootstrap>", line 1354, in _find_and_load
  File "<frozen importlib._bootstrap>", line 1325, in _find_and_load_unlocked
  File "<frozen importlib._bootstrap>", line 929, in _load_unlocked
  File "<frozen importlib._bootstrap_external>", line 994, in exec_module
  File "<frozen importlib._bootstrap>", line 488, in _call_with_frames_removed
  File "C:\Users\ChaseMossing\PycharmProjects\django-glue\test_project\lab\urls\__init__.py", line 6, in <module>
    path('performance/', include('test_project.lab.urls.performance_urls'), name='performance'),
                         ^^^^^^^^^^^^^^^^^^^^^^^^^^^^^^^^^^^^^^^^^^^^^^^^^
  File "C:\Users\ChaseMossing\PycharmProjects\django-glue\.venv\Lib\site-packages\django\urls\conf.py", line 39, in include
    urlconf_module = import_module(urlconf_module)
                     ^^^^^^^^^^^^^^^^^^^^^^^^^^^^^
  File "C:\Users\ChaseMossing\AppData\Roaming\uv\python\cpython-3.12.0-windows-x86_64-none\Lib\importlib\__init__.py", line 90, in import_module
    return _bootstrap._gcd_import(name[level:], package, level)
           ^^^^^^^^^^^^^^^^^^^^^^^^^^^^^^^^^^^^^^^^^^^^^^^^^^^^
  File "<frozen importlib._bootstrap>", line 1381, in _gcd_import
  File "<frozen importlib._bootstrap>", line 1354, in _find_and_load
  File "<frozen importlib._bootstrap>", line 1325, in _find_and_load_unlocked
  File "<frozen importlib._bootstrap>", line 929, in _load_unlocked
  File "<frozen importlib._bootstrap_external>", line 994, in exec_module
  File "<frozen importlib._bootstrap>", line 488, in _call_with_frames_removed
  File "C:\Users\ChaseMossing\PycharmProjects\django-glue\test_project\lab\urls\performance_urls.py", line 3, in <module>
    from test_project.lab.views import performance_views
  File "C:\Users\ChaseMossing\PycharmProjects\django-glue\test_project\lab\views\performance_views.py", line 10, in <module>
    from django_glue.proxies import GlueModelInstanceProxy, GlueQuerySetProxy, GlueFormProxy
  File "C:\Users\ChaseMossing\PycharmProjects\django-glue\django_glue\proxies\__init__.py", line 1, in <module>
    from django_glue.proxies.model.proxy import BaseGlueModelProxy
  File "C:\Users\ChaseMossing\PycharmProjects\django-glue\django_glue\proxies\model\proxy.py", line 14, in <module>
    from django_glue.proxies.form.proxy import GlueFormProxy
  File "C:\Users\ChaseMossing\PycharmProjects\django-glue\django_glue\proxies\form\__init__.py", line 1, in <module>
    from django_glue.proxies.form.proxy import GlueFormProxy
  File "C:\Users\ChaseMossing\PycharmProjects\django-glue\django_glue\proxies\form\proxy.py", line 9, in <module>
    from django_glue.proxies.form.state import GlueFormProxyState
  File "C:\Users\ChaseMossing\PycharmProjects\django-glue\django_glue\proxies\form\state.py", line 7, in <module>
    from django_glue.proxies.policy import ProxyPolicySubjectDetails
  File "C:\Users\ChaseMossing\PycharmProjects\django-glue\django_glue\proxies\policy.py", line 22, in <module>
    from django_glue.proxies.function.policy import GlueFunctionPolicyDetails
  File "C:\Users\ChaseMossing\PycharmProjects\django-glue\django_glue\proxies\function\__init__.py", line 1, in <module>
    from django_glue.proxies.function.proxy import GlueFunctionProxy
  File "C:\Users\ChaseMossing\PycharmProjects\django-glue\django_glue\proxies\function\proxy.py", line 8, in <module>
    from django_glue.proxies.proxy import BaseGlueProxy
  File "C:\Users\ChaseMossing\PycharmProjects\django-glue\django_glue\proxies\proxy.py", line 19
    from django.http import HttpRequest
    ^
IndentationError: expected an indented block after 'if' statement on line 18
C:\Users\ChaseMossing\PycharmProjects\django-glue\django_glue\proxies\proxy.py changed, reloading.
Watching for file changes with StatReloader
C:\Users\ChaseMossing\PycharmProjects\django-glue\django_glue\proxies\policy.py changed, reloading.
Watching for file changes with StatReloader
C:\Users\ChaseMossing\PycharmProjects\django-glue\django_glue\proxies\queryset\proxy.py changed, reloading.
Watching for file changes with StatReloader
C:\Users\ChaseMossing\PycharmProjects\django-glue\django_glue\proxies\proxy.py changed, reloading.
Watching for file changes with StatReloader
C:\Users\ChaseMossing\PycharmProjects\django-glue\django_glue\proxies\policy.py changed, reloading.
Watching for file changes with StatReloader
C:\Users\ChaseMossing\PycharmProjects\django-glue\django_glue\bound_attributes\decorators.py changed, reloading.
Watching for file changes with StatReloader
C:\Users\ChaseMossing\PycharmProjects\django-glue\django_glue\bound_attributes\attribute.py changed, reloading.
Watching for file changes with StatReloader
C:\Users\ChaseMossing\PycharmProjects\django-glue\test_project\gorilla\models.py changed, reloading.
Watching for file changes with StatReloader
[13/Jul/2026 12:06:22] "GET / HTTP/1.1" 200 60839
[13/Jul/2026 12:06:22] "GET /static/django_glue/js/django_glue.js?v=1.0.0a4 HTTP/1.1" 200 34009
[13/Jul/2026 12:06:22] "POST /__dg__/bound_attribute_event/gorillas/GlueQuerySetProxy.query_with_params/ HTTP/1.1" 200 99606
[13/Jul/2026 12:06:22] "POST /__dg__/bound_attribute_event/gorillas__18/GlueModelInstanceProxy.foreign_key_choices/ HTTP/1.1" 200 4967
Not Found: /favicon.ico
[13/Jul/2026 12:06:34] "GET /favicon.ico HTTP/1.1" 404 4829
[13/Jul/2026 12:06:39] "GET / HTTP/1.1" 200 60841
[13/Jul/2026 12:06:39] "POST /__dg__/bound_attribute_event/gorillas/GlueQuerySetProxy.query_with_params/ HTTP/1.1" 200 99602
[13/Jul/2026 12:06:39] "POST /__dg__/bound_attribute_event/gorillas__18/GlueModelInstanceProxy.foreign_key_choices/ HTTP/1.1" 200 4967
error: Recipe `run-server` failed on line 22 with exit code 1
